train/dr1/fcjf0/sa1 XXX
train/dr1/fcjf0/sa2 XXX
train/dr1/fcjf0/si1027 XXX
train/dr1/fcjf0/si1657 XXX
train/dr1/fcjf0/si648 XXX
train/dr1/fcjf0/sx127 XXX
train/dr1/fcjf0/sx217 XXX
train/dr1/fcjf0/sx307 XXX
train/dr1/fdaw0/sa1 XXX
train/dr1/fdaw0/sa2 XXX
train/dr1/fdaw0/si1271 XXX
train/dr1/fdaw0/si1406 XXX
train/dr1/fdaw0/si2036 XXX
train/dr1/fdaw0/sx146 XXX
train/dr1/fdaw0/sx236 XXX
train/dr1/fdaw0/sx326 XXX
train/dr1/fdml0/sa1 XXX
train/dr1/fdml0/sa2 XXX
train/dr1/fdml0/si1149 XXX
train/dr1/fdml0/si1779 XXX
train/dr1/fdml0/si2075 XXX
train/dr1/fdml0/sx159 XXX
train/dr1/fdml0/sx249 XXX
train/dr1/fdml0/sx339 XXX
train/dr1/fecd0/sa1 XXX
train/dr1/fecd0/sa2 XXX
train/dr1/fecd0/si1418 XXX
train/dr1/fecd0/si2048 XXX
train/dr1/fecd0/si788 XXX
train/dr1/fecd0/sx158 XXX
train/dr1/fecd0/sx248 XXX
train/dr1/fecd0/sx338 XXX
train/dr1/fetb0/sa1 XXX
train/dr1/fetb0/sa2 XXX
train/dr1/fetb0/si1148 XXX
train/dr1/fetb0/si1778 XXX
train/dr1/fetb0/si518 XXX
train/dr1/fetb0/sx158 XXX
train/dr1/fetb0/sx248 XXX
train/dr1/fetb0/sx338 XXX
train/dr1/fjsp0/sa1 XXX
train/dr1/fjsp0/sa2 XXX
train/dr1/fjsp0/si1434 XXX
train/dr1/fjsp0/si1763 XXX
train/dr1/fjsp0/si804 XXX
train/dr1/fjsp0/sx174 XXX
train/dr1/fjsp0/sx264 XXX
train/dr1/fjsp0/sx354 XXX
train/dr1/fkfb0/sa1 XXX
train/dr1/fkfb0/sa2 XXX
train/dr1/fkfb0/si1608 XXX
train/dr1/fkfb0/si2238 XXX
train/dr1/fkfb0/si978 XXX
train/dr1/fkfb0/sx168 XXX
train/dr1/fkfb0/sx258 XXX
train/dr1/fkfb0/sx348 XXX
train/dr1/fmem0/sa1 XXX
train/dr1/fmem0/sa2 XXX
train/dr1/fmem0/si1377 XXX
train/dr1/fmem0/si2007 XXX
train/dr1/fmem0/si747 XXX
train/dr1/fmem0/sx117 XXX
train/dr1/fmem0/sx207 XXX
train/dr1/fmem0/sx297 XXX
train/dr1/fsah0/sa1 XXX
train/dr1/fsah0/sa2 XXX
train/dr1/fsah0/si1244 XXX
train/dr1/fsah0/si1874 XXX
train/dr1/fsah0/si614 XXX
train/dr1/fsah0/sx164 XXX
train/dr1/fsah0/sx327 XXX
train/dr1/fsah0/sx344 XXX
train/dr1/fsjk1/sa1 XXX
train/dr1/fsjk1/sa2 XXX
train/dr1/fsjk1/si1025 XXX
train/dr1/fsjk1/si2285 XXX
train/dr1/fsjk1/si696 XXX
train/dr1/fsjk1/sx125 XXX
train/dr1/fsjk1/sx215 XXX
train/dr1/fsjk1/sx305 XXX
train/dr1/fsma0/sa1 XXX
train/dr1/fsma0/sa2 XXX
train/dr1/fsma0/si1621 XXX
train/dr1/fsma0/si2251 XXX
train/dr1/fsma0/si991 XXX
train/dr1/fsma0/sx181 XXX
train/dr1/fsma0/sx271 XXX
train/dr1/fsma0/sx361 XXX
train/dr1/ftbr0/sa1 XXX
train/dr1/ftbr0/sa2 XXX
train/dr1/ftbr0/si1402 XXX
train/dr1/ftbr0/si2181 XXX
train/dr1/ftbr0/si921 XXX
train/dr1/ftbr0/sx111 XXX
train/dr1/ftbr0/sx201 XXX
train/dr1/ftbr0/sx21 XXX
train/dr1/fvfb0/sa1 XXX
train/dr1/fvfb0/sa2 XXX
train/dr1/fvfb0/si1032 XXX
train/dr1/fvfb0/si1510 XXX
train/dr1/fvfb0/si2292 XXX
train/dr1/fvfb0/sx132 XXX
train/dr1/fvfb0/sx222 XXX
train/dr1/fvfb0/sx312 XXX
train/dr1/fvmh0/sa1 XXX
train/dr1/fvmh0/sa2 XXX
train/dr1/fvmh0/si1466 XXX
train/dr1/fvmh0/si2096 XXX
train/dr1/fvmh0/si836 XXX
train/dr1/fvmh0/sx116 XXX
train/dr1/fvmh0/sx206 XXX
train/dr1/fvmh0/sx26 XXX
train/dr1/mcpm0/sa1 XXX
train/dr1/mcpm0/sa2 XXX
train/dr1/mcpm0/si1194 XXX
train/dr1/mcpm0/si1824 XXX
train/dr1/mcpm0/si564 XXX
train/dr1/mcpm0/sx114 XXX
train/dr1/mcpm0/sx204 XXX
train/dr1/mcpm0/sx24 XXX
train/dr1/mdac0/sa1 XXX
train/dr1/mdac0/sa2 XXX
train/dr1/mdac0/si1261 XXX
train/dr1/mdac0/si1837 XXX
train/dr1/mdac0/si631 XXX
train/dr1/mdac0/sx181 XXX
train/dr1/mdac0/sx271 XXX
train/dr1/mdac0/sx361 XXX
train/dr1/mdpk0/sa1 XXX
train/dr1/mdpk0/sa2 XXX
train/dr1/mdpk0/si1053 XXX
train/dr1/mdpk0/si1683 XXX
train/dr1/mdpk0/si552 XXX
train/dr1/mdpk0/sx153 XXX
train/dr1/mdpk0/sx243 XXX
train/dr1/mdpk0/sx333 XXX
train/dr1/medr0/sa1 XXX
train/dr1/medr0/sa2 XXX
train/dr1/medr0/si1374 XXX
train/dr1/medr0/si2004 XXX
train/dr1/medr0/si744 XXX
train/dr1/medr0/sx114 XXX
train/dr1/medr0/sx204 XXX
train/dr1/medr0/sx24 XXX
train/dr1/mgrl0/sa1 XXX
train/dr1/mgrl0/sa2 XXX
train/dr1/mgrl0/si1497 XXX
train/dr1/mgrl0/si2127 XXX
train/dr1/mgrl0/si867 XXX
train/dr1/mgrl0/sx147 XXX
train/dr1/mgrl0/sx237 XXX
train/dr1/mgrl0/sx327 XXX
train/dr1/mjeb1/sa1 XXX
train/dr1/mjeb1/sa2 XXX
train/dr1/mjeb1/si1467 XXX
train/dr1/mjeb1/si2097 XXX
train/dr1/mjeb1/si837 XXX
train/dr1/mjeb1/sx117 XXX
train/dr1/mjeb1/sx207 XXX
train/dr1/mjeb1/sx27 XXX
train/dr1/mjwt0/sa1 XXX
train/dr1/mjwt0/sa2 XXX
train/dr1/mjwt0/si1291 XXX
train/dr1/mjwt0/si1381 XXX
train/dr1/mjwt0/si751 XXX
train/dr1/mjwt0/sx121 XXX
train/dr1/mjwt0/sx211 XXX
train/dr1/mjwt0/sx301 XXX
train/dr1/mkls0/sa1 XXX
train/dr1/mkls0/sa2 XXX
train/dr1/mkls0/si1437 XXX
train/dr1/mkls0/si1533 XXX
train/dr1/mkls0/si2067 XXX
train/dr1/mkls0/sx177 XXX
train/dr1/mkls0/sx267 XXX
train/dr1/mkls0/sx357 XXX
train/dr1/mklw0/sa1 XXX
train/dr1/mklw0/sa2 XXX
train/dr1/mklw0/si1571 XXX
train/dr1/mklw0/si1844 XXX
train/dr1/mklw0/si2201 XXX
train/dr1/mklw0/sx131 XXX
train/dr1/mklw0/sx221 XXX
train/dr1/mklw0/sx311 XXX
train/dr1/mmgg0/sa1 XXX
train/dr1/mmgg0/sa2 XXX
train/dr1/mmgg0/si1079 XXX
train/dr1/mmgg0/si1709 XXX
train/dr1/mmgg0/si2339 XXX
train/dr1/mmgg0/sx179 XXX
train/dr1/mmgg0/sx269 XXX
train/dr1/mmgg0/sx359 XXX
train/dr1/mmrp0/sa1 XXX
train/dr1/mmrp0/sa2 XXX
train/dr1/mmrp0/si2034 XXX
train/dr1/mmrp0/si717 XXX
train/dr1/mmrp0/si774 XXX
train/dr1/mmrp0/sx144 XXX
train/dr1/mmrp0/sx234 XXX
train/dr1/mmrp0/sx324 XXX
train/dr1/mpgh0/sa1 XXX
train/dr1/mpgh0/sa2 XXX
train/dr1/mpgh0/si1554 XXX
train/dr1/mpgh0/si675 XXX
train/dr1/mpgh0/si924 XXX
train/dr1/mpgh0/sx114 XXX
train/dr1/mpgh0/sx204 XXX
train/dr1/mpgh0/sx24 XXX
train/dr1/mpgr0/sa1 XXX
train/dr1/mpgr0/sa2 XXX
train/dr1/mpgr0/si1410 XXX
train/dr1/mpgr0/si2040 XXX
train/dr1/mpgr0/si780 XXX
train/dr1/mpgr0/sx150 XXX
train/dr1/mpgr0/sx240 XXX
train/dr1/mpgr0/sx330 XXX
train/dr1/mpsw0/sa1 XXX
train/dr1/mpsw0/sa2 XXX
train/dr1/mpsw0/si1067 XXX
train/dr1/mpsw0/si1697 XXX
train/dr1/mpsw0/si2327 XXX
train/dr1/mpsw0/sx167 XXX
train/dr1/mpsw0/sx24 XXX
train/dr1/mpsw0/sx257 XXX
train/dr1/mrai0/sa1 XXX
train/dr1/mrai0/sa2 XXX
train/dr1/mrai0/si1954 XXX
train/dr1/mrai0/si2052 XXX
train/dr1/mrai0/si792 XXX
train/dr1/mrai0/sx162 XXX
train/dr1/mrai0/sx252 XXX
train/dr1/mrai0/sx342 XXX
train/dr1/mrcg0/sa1 XXX
train/dr1/mrcg0/sa2 XXX
train/dr1/mrcg0/si1428 XXX
train/dr1/mrcg0/si2058 XXX
train/dr1/mrcg0/si798 XXX
train/dr1/mrcg0/sx168 XXX
train/dr1/mrcg0/sx258 XXX
train/dr1/mrcg0/sx348 XXX
train/dr1/mrdd0/sa1 XXX
train/dr1/mrdd0/sa2 XXX
train/dr1/mrdd0/si1050 XXX
train/dr1/mrdd0/si1680 XXX
train/dr1/mrdd0/si2310 XXX
train/dr1/mrdd0/sx150 XXX
train/dr1/mrdd0/sx240 XXX
train/dr1/mrdd0/sx277 XXX
train/dr1/mrso0/sa1 XXX
train/dr1/mrso0/sa2 XXX
train/dr1/mrso0/si1206 XXX
train/dr1/mrso0/si1659 XXX
train/dr1/mrso0/si2289 XXX
train/dr1/mrso0/sx129 XXX
train/dr1/mrso0/sx219 XXX
train/dr1/mrso0/sx309 XXX
train/dr1/mrws0/sa1 XXX
train/dr1/mrws0/sa2 XXX
train/dr1/mrws0/si1102 XXX
train/dr1/mrws0/si1732 XXX
train/dr1/mrws0/si472 XXX
train/dr1/mrws0/sx112 XXX
train/dr1/mrws0/sx202 XXX
train/dr1/mrws0/sx22 XXX
train/dr1/mtjs0/sa1 XXX
train/dr1/mtjs0/sa2 XXX
train/dr1/mtjs0/si1192 XXX
train/dr1/mtjs0/si1822 XXX
train/dr1/mtjs0/si562 XXX
train/dr1/mtjs0/sx112 XXX
train/dr1/mtjs0/sx202 XXX
train/dr1/mtjs0/sx22 XXX
train/dr1/mtpf0/sa1 XXX
train/dr1/mtpf0/sa2 XXX
train/dr1/mtpf0/si1235 XXX
train/dr1/mtpf0/si1865 XXX
train/dr1/mtpf0/si605 XXX
train/dr1/mtpf0/sx155 XXX
train/dr1/mtpf0/sx245 XXX
train/dr1/mtpf0/sx335 XXX
train/dr1/mtrr0/sa1 XXX
train/dr1/mtrr0/sa2 XXX
train/dr1/mtrr0/si1548 XXX
train/dr1/mtrr0/si2178 XXX
train/dr1/mtrr0/si918 XXX
train/dr1/mtrr0/sx108 XXX
train/dr1/mtrr0/sx18 XXX
train/dr1/mtrr0/sx198 XXX
train/dr1/mwad0/sa1 XXX
train/dr1/mwad0/sa2 XXX
train/dr1/mwad0/si1062 XXX
train/dr1/mwad0/si1749 XXX
train/dr1/mwad0/si2322 XXX
train/dr1/mwad0/sx162 XXX
train/dr1/mwad0/sx252 XXX
train/dr1/mwad0/sx342 XXX
train/dr1/mwar0/sa1 XXX
train/dr1/mwar0/sa2 XXX
train/dr1/mwar0/si1045 XXX
train/dr1/mwar0/si1675 XXX
train/dr1/mwar0/si2305 XXX
train/dr1/mwar0/sx145 XXX
train/dr1/mwar0/sx235 XXX
train/dr1/mwar0/sx325 XXX
train/dr2/faem0/sa1 XXX
train/dr2/faem0/sa2 XXX
train/dr2/faem0/si1392 XXX
train/dr2/faem0/si2022 XXX
train/dr2/faem0/si762 XXX
train/dr2/faem0/sx132 XXX
train/dr2/faem0/sx222 XXX
train/dr2/faem0/sx312 XXX
train/dr2/fajw0/sa1 XXX
train/dr2/fajw0/sa2 XXX
train/dr2/fajw0/si1263 XXX
train/dr2/fajw0/si1893 XXX
train/dr2/fajw0/si633 XXX
train/dr2/fajw0/sx183 XXX
train/dr2/fajw0/sx273 XXX
train/dr2/fajw0/sx3 XXX
train/dr2/fcaj0/sa1 XXX
train/dr2/fcaj0/sa2 XXX
train/dr2/fcaj0/si1479 XXX
train/dr2/fcaj0/si1804 XXX
train/dr2/fcaj0/si849 XXX
train/dr2/fcaj0/sx129 XXX
train/dr2/fcaj0/sx219 XXX
train/dr2/fcaj0/sx309 XXX
train/dr2/fcmm0/sa1 XXX
train/dr2/fcmm0/sa2 XXX
train/dr2/fcmm0/si1083 XXX
train/dr2/fcmm0/si1957 XXX
train/dr2/fcmm0/si453 XXX
train/dr2/fcmm0/sx183 XXX
train/dr2/fcmm0/sx273 XXX
train/dr2/fcmm0/sx363 XXX
train/dr2/fcyl0/sa1 XXX
train/dr2/fcyl0/sa2 XXX
train/dr2/fcyl0/si1297 XXX
train/dr2/fcyl0/si1927 XXX
train/dr2/fcyl0/si667 XXX
train/dr2/fcyl0/sx127 XXX
train/dr2/fcyl0/sx217 XXX
train/dr2/fcyl0/sx349 XXX
train/dr2/fdas1/sa1 XXX
train/dr2/fdas1/sa2 XXX
train/dr2/fdas1/si1461 XXX
train/dr2/fdas1/si2091 XXX
train/dr2/fdas1/si831 XXX
train/dr2/fdas1/sx111 XXX
train/dr2/fdas1/sx201 XXX
train/dr2/fdas1/sx21 XXX
train/dr2/fdnc0/sa1 XXX
train/dr2/fdnc0/sa2 XXX
train/dr2/fdnc0/si1278 XXX
train/dr2/fdnc0/si1908 XXX
train/dr2/fdnc0/si2287 XXX
train/dr2/fdnc0/sx108 XXX
train/dr2/fdnc0/sx18 XXX
train/dr2/fdnc0/sx198 XXX
train/dr2/fdxw0/sa1 XXX
train/dr2/fdxw0/sa2 XXX
train/dr2/fdxw0/si1511 XXX
train/dr2/fdxw0/si2141 XXX
train/dr2/fdxw0/si881 XXX
train/dr2/fdxw0/sx161 XXX
train/dr2/fdxw0/sx251 XXX
train/dr2/fdxw0/sx341 XXX
train/dr2/feac0/sa1 XXX
train/dr2/feac0/sa2 XXX
train/dr2/feac0/si1245 XXX
train/dr2/feac0/si1875 XXX
train/dr2/feac0/si615 XXX
train/dr2/feac0/sx165 XXX
train/dr2/feac0/sx255 XXX
train/dr2/feac0/sx345 XXX
train/dr2/fhlm0/sa1 XXX
train/dr2/fhlm0/sa2 XXX
train/dr2/fhlm0/si1560 XXX
train/dr2/fhlm0/si2190 XXX
train/dr2/fhlm0/si930 XXX
train/dr2/fhlm0/sx120 XXX
train/dr2/fhlm0/sx210 XXX
train/dr2/fhlm0/sx300 XXX
train/dr2/fjkl0/sa1 XXX
train/dr2/fjkl0/sa2 XXX
train/dr2/fjkl0/si1562 XXX
train/dr2/fjkl0/si2192 XXX
train/dr2/fjkl0/si932 XXX
train/dr2/fjkl0/sx122 XXX
train/dr2/fjkl0/sx212 XXX
train/dr2/fjkl0/sx302 XXX
train/dr2/fkaa0/sa1 XXX
train/dr2/fkaa0/sa2 XXX
train/dr2/fkaa0/si1208 XXX
train/dr2/fkaa0/si1838 XXX
train/dr2/fkaa0/si578 XXX
train/dr2/fkaa0/sx128 XXX
train/dr2/fkaa0/sx218 XXX
train/dr2/fkaa0/sx308 XXX
train/dr2/flma0/sa1 XXX
train/dr2/flma0/sa2 XXX
train/dr2/flma0/si1243 XXX
train/dr2/flma0/si1873 XXX
train/dr2/flma0/si613 XXX
train/dr2/flma0/sx163 XXX
train/dr2/flma0/sx253 XXX
train/dr2/flma0/sx343 XXX
train/dr2/flmc0/sa1 XXX
train/dr2/flmc0/sa2 XXX
train/dr2/flmc0/si1372 XXX
train/dr2/flmc0/si2002 XXX
train/dr2/flmc0/si742 XXX
train/dr2/flmc0/sx112 XXX
train/dr2/flmc0/sx22 XXX
train/dr2/flmc0/sx292 XXX
train/dr2/fmjb0/sa1 XXX
train/dr2/fmjb0/sa2 XXX
train/dr2/fmjb0/si1177 XXX
train/dr2/fmjb0/si1807 XXX
train/dr2/fmjb0/si547 XXX
train/dr2/fmjb0/sx187 XXX
train/dr2/fmjb0/sx277 XXX
train/dr2/fmjb0/sx367 XXX
train/dr2/fmkf0/sa1 XXX
train/dr2/fmkf0/sa2 XXX
train/dr2/fmkf0/si1018 XXX
train/dr2/fmkf0/si1536 XXX
train/dr2/fmkf0/si906 XXX
train/dr2/fmkf0/sx186 XXX
train/dr2/fmkf0/sx276 XXX
train/dr2/fmkf0/sx366 XXX
train/dr2/fmmh0/sa1 XXX
train/dr2/fmmh0/sa2 XXX
train/dr2/fmmh0/si1537 XXX
train/dr2/fmmh0/si2167 XXX
train/dr2/fmmh0/si907 XXX
train/dr2/fmmh0/sx187 XXX
train/dr2/fmmh0/sx367 XXX
train/dr2/fmmh0/sx420 XXX
train/dr2/fpjf0/sa1 XXX
train/dr2/fpjf0/sa2 XXX
train/dr2/fpjf0/si1046 XXX
train/dr2/fpjf0/si1259 XXX
train/dr2/fpjf0/si1676 XXX
train/dr2/fpjf0/sx146 XXX
train/dr2/fpjf0/sx236 XXX
train/dr2/fpjf0/sx326 XXX
train/dr2/frll0/sa1 XXX
train/dr2/frll0/sa2 XXX
train/dr2/frll0/si1514 XXX
train/dr2/frll0/si805 XXX
train/dr2/frll0/si884 XXX
train/dr2/frll0/sx164 XXX
train/dr2/frll0/sx254 XXX
train/dr2/frll0/sx344 XXX
train/dr2/fscn0/sa1 XXX
train/dr2/fscn0/sa2 XXX
train/dr2/fscn0/si1886 XXX
train/dr2/fscn0/si626 XXX
train/dr2/fscn0/si705 XXX
train/dr2/fscn0/sx176 XXX
train/dr2/fscn0/sx266 XXX
train/dr2/fscn0/sx356 XXX
train/dr2/fskl0/sa1 XXX
train/dr2/fskl0/sa2 XXX
train/dr2/fskl0/si1529 XXX
train/dr2/fskl0/si2159 XXX
train/dr2/fskl0/si899 XXX
train/dr2/fskl0/sx179 XXX
train/dr2/fskl0/sx269 XXX
train/dr2/fskl0/sx359 XXX
train/dr2/fsrh0/sa1 XXX
train/dr2/fsrh0/sa2 XXX
train/dr2/fsrh0/si1719 XXX
train/dr2/fsrh0/si1931 XXX
train/dr2/fsrh0/si671 XXX
train/dr2/fsrh0/sx131 XXX
train/dr2/fsrh0/sx221 XXX
train/dr2/fsrh0/sx311 XXX
train/dr2/ftmg0/sa1 XXX
train/dr2/ftmg0/sa2 XXX
train/dr2/ftmg0/si1532 XXX
train/dr2/ftmg0/si2162 XXX
train/dr2/ftmg0/si902 XXX
train/dr2/ftmg0/sx182 XXX
train/dr2/ftmg0/sx272 XXX
train/dr2/ftmg0/sx362 XXX
train/dr2/marc0/sa1 XXX
train/dr2/marc0/sa2 XXX
train/dr2/marc0/si1188 XXX
train/dr2/marc0/si1818 XXX
train/dr2/marc0/si558 XXX
train/dr2/marc0/sx108 XXX
train/dr2/marc0/sx18 XXX
train/dr2/marc0/sx198 XXX
train/dr2/mbjv0/sa1 XXX
train/dr2/mbjv0/sa2 XXX
train/dr2/mbjv0/si1247 XXX
train/dr2/mbjv0/si1877 XXX
train/dr2/mbjv0/si617 XXX
train/dr2/mbjv0/sx167 XXX
train/dr2/mbjv0/sx257 XXX
train/dr2/mbjv0/sx347 XXX
train/dr2/mcew0/sa1 XXX
train/dr2/mcew0/sa2 XXX
train/dr2/mcew0/si1442 XXX
train/dr2/mcew0/si2072 XXX
train/dr2/mcew0/si812 XXX
train/dr2/mcew0/sx182 XXX
train/dr2/mcew0/sx272 XXX
train/dr2/mcew0/sx362 XXX
train/dr2/mctm0/sa1 XXX
train/dr2/mctm0/sa2 XXX
train/dr2/mctm0/si1350 XXX
train/dr2/mctm0/si1980 XXX
train/dr2/mctm0/si720 XXX
train/dr2/mctm0/sx180 XXX
train/dr2/mctm0/sx270 XXX
train/dr2/mctm0/sx360 XXX
train/dr2/mdbp0/sa1 XXX
train/dr2/mdbp0/sa2 XXX
train/dr2/mdbp0/si1158 XXX
train/dr2/mdbp0/si1788 XXX
train/dr2/mdbp0/si528 XXX
train/dr2/mdbp0/sx168 XXX
train/dr2/mdbp0/sx258 XXX
train/dr2/mdbp0/sx348 XXX
train/dr2/mdem0/sa1 XXX
train/dr2/mdem0/sa2 XXX
train/dr2/mdem0/si1868 XXX
train/dr2/mdem0/si608 XXX
train/dr2/mdem0/si800 XXX
train/dr2/mdem0/sx158 XXX
train/dr2/mdem0/sx248 XXX
train/dr2/mdem0/sx338 XXX
train/dr2/mdlb0/sa1 XXX
train/dr2/mdlb0/sa2 XXX
train/dr2/mdlb0/si1306 XXX
train/dr2/mdlb0/si1936 XXX
train/dr2/mdlb0/si676 XXX
train/dr2/mdlb0/sx136 XXX
train/dr2/mdlb0/sx226 XXX
train/dr2/mdlb0/sx316 XXX
train/dr2/mdlc2/sa1 XXX
train/dr2/mdlc2/sa2 XXX
train/dr2/mdlc2/si1614 XXX
train/dr2/mdlc2/si2244 XXX
train/dr2/mdlc2/si984 XXX
train/dr2/mdlc2/sx174 XXX
train/dr2/mdlc2/sx264 XXX
train/dr2/mdlc2/sx354 XXX
train/dr2/mdmt0/sa1 XXX
train/dr2/mdmt0/sa2 XXX
train/dr2/mdmt0/si1832 XXX
train/dr2/mdmt0/si2341 XXX
train/dr2/mdmt0/si572 XXX
train/dr2/mdmt0/sx122 XXX
train/dr2/mdmt0/sx212 XXX
train/dr2/mdmt0/sx302 XXX
train/dr2/mdps0/sa1 XXX
train/dr2/mdps0/sa2 XXX
train/dr2/mdps0/si1651 XXX
train/dr2/mdps0/si1979 XXX
train/dr2/mdps0/si719 XXX
train/dr2/mdps0/sx179 XXX
train/dr2/mdps0/sx269 XXX
train/dr2/mdps0/sx359 XXX
train/dr2/mdss0/sa1 XXX
train/dr2/mdss0/sa2 XXX
train/dr2/mdss0/si1881 XXX
train/dr2/mdss0/si2087 XXX
train/dr2/mdss0/si621 XXX
train/dr2/mdss0/sx171 XXX
train/dr2/mdss0/sx261 XXX
train/dr2/mdss0/sx351 XXX
train/dr2/mdwd0/sa1 XXX
train/dr2/mdwd0/sa2 XXX
train/dr2/mdwd0/si1260 XXX
train/dr2/mdwd0/si1890 XXX
train/dr2/mdwd0/si557 XXX
train/dr2/mdwd0/sx180 XXX
train/dr2/mdwd0/sx270 XXX
train/dr2/mdwd0/sx360 XXX
train/dr2/mefg0/sa1 XXX
train/dr2/mefg0/sa2 XXX
train/dr2/mefg0/si465 XXX
train/dr2/mefg0/si491 XXX
train/dr2/mefg0/si598 XXX
train/dr2/mefg0/sx105 XXX
train/dr2/mefg0/sx15 XXX
train/dr2/mefg0/sx195 XXX
train/dr2/mhrm0/sa1 XXX
train/dr2/mhrm0/sa2 XXX
train/dr2/mhrm0/si1475 XXX
train/dr2/mhrm0/si2218 XXX
train/dr2/mhrm0/si958 XXX
train/dr2/mhrm0/sx148 XXX
train/dr2/mhrm0/sx238 XXX
train/dr2/mhrm0/sx328 XXX
train/dr2/mjae0/sa1 XXX
train/dr2/mjae0/sa2 XXX
train/dr2/mjae0/si1524 XXX
train/dr2/mjae0/si1999 XXX
train/dr2/mjae0/si2154 XXX
train/dr2/mjae0/sx174 XXX
train/dr2/mjae0/sx264 XXX
train/dr2/mjae0/sx354 XXX
train/dr2/mjbg0/sa1 XXX
train/dr2/mjbg0/sa2 XXX
train/dr2/mjbg0/si1232 XXX
train/dr2/mjbg0/si1724 XXX
train/dr2/mjbg0/si1862 XXX
train/dr2/mjbg0/sx152 XXX
train/dr2/mjbg0/sx242 XXX
train/dr2/mjbg0/sx332 XXX
train/dr2/mjde0/sa1 XXX
train/dr2/mjde0/sa2 XXX
train/dr2/mjde0/si1120 XXX
train/dr2/mjde0/si463 XXX
train/dr2/mjde0/si490 XXX
train/dr2/mjde0/sx130 XXX
train/dr2/mjde0/sx220 XXX
train/dr2/mjde0/sx310 XXX
train/dr2/mjeb0/sa1 XXX
train/dr2/mjeb0/sa2 XXX
train/dr2/mjeb0/si1286 XXX
train/dr2/mjeb0/si1916 XXX
train/dr2/mjeb0/si656 XXX
train/dr2/mjeb0/sx170 XXX
train/dr2/mjeb0/sx206 XXX
train/dr2/mjeb0/sx26 XXX
train/dr2/mjhi0/sa1 XXX
train/dr2/mjhi0/sa2 XXX
train/dr2/mjhi0/si1328 XXX
train/dr2/mjhi0/si555 XXX
train/dr2/mjhi0/si698 XXX
train/dr2/mjhi0/sx158 XXX
train/dr2/mjhi0/sx248 XXX
train/dr2/mjhi0/sx338 XXX
train/dr2/mjma0/sa1 XXX
train/dr2/mjma0/sa2 XXX
train/dr2/mjma0/si1495 XXX
train/dr2/mjma0/si2125 XXX
train/dr2/mjma0/si865 XXX
train/dr2/mjma0/sx145 XXX
train/dr2/mjma0/sx235 XXX
train/dr2/mjma0/sx325 XXX
train/dr2/mjmd0/sa1 XXX
train/dr2/mjmd0/sa2 XXX
train/dr2/mjmd0/si1028 XXX
train/dr2/mjmd0/si1658 XXX
train/dr2/mjmd0/si2288 XXX
train/dr2/mjmd0/sx128 XXX
train/dr2/mjmd0/sx218 XXX
train/dr2/mjmd0/sx308 XXX
train/dr2/mjpm0/sa1 XXX
train/dr2/mjpm0/sa2 XXX
train/dr2/mjpm0/si1368 XXX
train/dr2/mjpm0/si1998 XXX
train/dr2/mjpm0/si738 XXX
train/dr2/mjpm0/sx108 XXX
train/dr2/mjpm0/sx18 XXX
train/dr2/mjpm0/sx198 XXX
train/dr2/mjrp0/sa1 XXX
train/dr2/mjrp0/sa2 XXX
train/dr2/mjrp0/si1835 XXX
train/dr2/mjrp0/si1845 XXX
train/dr2/mjrp0/si585 XXX
train/dr2/mjrp0/sx135 XXX
train/dr2/mjrp0/sx225 XXX
train/dr2/mjrp0/sx315 XXX
train/dr2/mkah0/sa1 XXX
train/dr2/mkah0/sa2 XXX
train/dr2/mkah0/si1528 XXX
train/dr2/mkah0/si2158 XXX
train/dr2/mkah0/si898 XXX
train/dr2/mkah0/sx178 XXX
train/dr2/mkah0/sx268 XXX
train/dr2/mkah0/sx358 XXX
train/dr2/mkaj0/sa1 XXX
train/dr2/mkaj0/sa2 XXX
train/dr2/mkaj0/si1414 XXX
train/dr2/mkaj0/si2044 XXX
train/dr2/mkaj0/si784 XXX
train/dr2/mkaj0/sx154 XXX
train/dr2/mkaj0/sx244 XXX
train/dr2/mkaj0/sx334 XXX
train/dr2/mkdt0/sa1 XXX
train/dr2/mkdt0/sa2 XXX
train/dr2/mkdt0/si2153 XXX
train/dr2/mkdt0/si814 XXX
train/dr2/mkdt0/si893 XXX
train/dr2/mkdt0/sx173 XXX
train/dr2/mkdt0/sx263 XXX
train/dr2/mkdt0/sx353 XXX
train/dr2/mkjo0/sa1 XXX
train/dr2/mkjo0/sa2 XXX
train/dr2/mkjo0/si1517 XXX
train/dr2/mkjo0/si2147 XXX
train/dr2/mkjo0/si887 XXX
train/dr2/mkjo0/sx167 XXX
train/dr2/mkjo0/sx257 XXX
train/dr2/mkjo0/sx424 XXX
train/dr2/mmaa0/sa1 XXX
train/dr2/mmaa0/sa2 XXX
train/dr2/mmaa0/si1588 XXX
train/dr2/mmaa0/si2105 XXX
train/dr2/mmaa0/si845 XXX
train/dr2/mmaa0/sx125 XXX
train/dr2/mmaa0/sx215 XXX
train/dr2/mmaa0/sx305 XXX
train/dr2/mmag0/sa1 XXX
train/dr2/mmag0/sa2 XXX
train/dr2/mmag0/si1126 XXX
train/dr2/mmag0/si1756 XXX
train/dr2/mmag0/si496 XXX
train/dr2/mmag0/sx136 XXX
train/dr2/mmag0/sx226 XXX
train/dr2/mmag0/sx316 XXX
train/dr2/mmds0/sa1 XXX
train/dr2/mmds0/sa2 XXX
train/dr2/mmds0/si1343 XXX
train/dr2/mmds0/si1973 XXX
train/dr2/mmds0/si713 XXX
train/dr2/mmds0/sx173 XXX
train/dr2/mmds0/sx263 XXX
train/dr2/mmds0/sx353 XXX
train/dr2/mmgk0/sa1 XXX
train/dr2/mmgk0/sa2 XXX
train/dr2/mmgk0/si1322 XXX
train/dr2/mmgk0/si1952 XXX
train/dr2/mmgk0/si692 XXX
train/dr2/mmgk0/sx152 XXX
train/dr2/mmgk0/sx242 XXX
train/dr2/mmgk0/sx332 XXX
train/dr2/mmxs0/sa1 XXX
train/dr2/mmxs0/sa2 XXX
train/dr2/mmxs0/si2136 XXX
train/dr2/mmxs0/si629 XXX
train/dr2/mmxs0/si876 XXX
train/dr2/mmxs0/sx156 XXX
train/dr2/mmxs0/sx246 XXX
train/dr2/mmxs0/sx336 XXX
train/dr2/mppc0/sa1 XXX
train/dr2/mppc0/sa2 XXX
train/dr2/mppc0/si1412 XXX
train/dr2/mppc0/si2042 XXX
train/dr2/mppc0/si782 XXX
train/dr2/mppc0/sx152 XXX
train/dr2/mppc0/sx242 XXX
train/dr2/mppc0/sx332 XXX
train/dr2/mprb0/sa1 XXX
train/dr2/mprb0/sa2 XXX
train/dr2/mprb0/si1205 XXX
train/dr2/mprb0/si1215 XXX
train/dr2/mprb0/si575 XXX
train/dr2/mprb0/sx125 XXX
train/dr2/mprb0/sx215 XXX
train/dr2/mprb0/sx305 XXX
train/dr2/mrab0/sa1 XXX
train/dr2/mrab0/sa2 XXX
train/dr2/mrab0/si1224 XXX
train/dr2/mrab0/si1854 XXX
train/dr2/mrab0/si594 XXX
train/dr2/mrab0/sx144 XXX
train/dr2/mrab0/sx234 XXX
train/dr2/mrab0/sx324 XXX
train/dr2/mrcw0/sa1 XXX
train/dr2/mrcw0/sa2 XXX
train/dr2/mrcw0/si1371 XXX
train/dr2/mrcw0/si2001 XXX
train/dr2/mrcw0/si741 XXX
train/dr2/mrcw0/sx111 XXX
train/dr2/mrcw0/sx201 XXX
train/dr2/mrcw0/sx21 XXX
train/dr2/mrfk0/sa1 XXX
train/dr2/mrfk0/sa2 XXX
train/dr2/mrfk0/si1076 XXX
train/dr2/mrfk0/si1706 XXX
train/dr2/mrfk0/si2336 XXX
train/dr2/mrfk0/sx176 XXX
train/dr2/mrfk0/sx266 XXX
train/dr2/mrfk0/sx356 XXX
train/dr2/mrgs0/sa1 XXX
train/dr2/mrgs0/sa2 XXX
train/dr2/mrgs0/si1356 XXX
train/dr2/mrgs0/si1986 XXX
train/dr2/mrgs0/si726 XXX
train/dr2/mrgs0/sx186 XXX
train/dr2/mrgs0/sx276 XXX
train/dr2/mrgs0/sx366 XXX
train/dr2/mrhl0/sa1 XXX
train/dr2/mrhl0/sa2 XXX
train/dr2/mrhl0/si1515 XXX
train/dr2/mrhl0/si2145 XXX
train/dr2/mrhl0/si885 XXX
train/dr2/mrhl0/sx165 XXX
train/dr2/mrhl0/sx255 XXX
train/dr2/mrhl0/sx345 XXX
train/dr2/mrjh0/sa1 XXX
train/dr2/mrjh0/sa2 XXX
train/dr2/mrjh0/si1519 XXX
train/dr2/mrjh0/si889 XXX
train/dr2/mrjh0/si914 XXX
train/dr2/mrjh0/sx169 XXX
train/dr2/mrjh0/sx259 XXX
train/dr2/mrjh0/sx307 XXX
train/dr2/mrjm0/sa1 XXX
train/dr2/mrjm0/sa2 XXX
train/dr2/mrjm0/si1095 XXX
train/dr2/mrjm0/si1228 XXX
train/dr2/mrjm0/si1858 XXX
train/dr2/mrjm0/sx148 XXX
train/dr2/mrjm0/sx238 XXX
train/dr2/mrjm0/sx328 XXX
train/dr2/mrjm1/sa1 XXX
train/dr2/mrjm1/sa2 XXX
train/dr2/mrjm1/si1298 XXX
train/dr2/mrjm1/si1928 XXX
train/dr2/mrjm1/si668 XXX
train/dr2/mrjm1/sx128 XXX
train/dr2/mrjm1/sx218 XXX
train/dr2/mrjm1/sx308 XXX
train/dr2/mrjt0/sa1 XXX
train/dr2/mrjt0/sa2 XXX
train/dr2/mrjt0/si1498 XXX
train/dr2/mrjt0/si1805 XXX
train/dr2/mrjt0/si868 XXX
train/dr2/mrjt0/sx148 XXX
train/dr2/mrjt0/sx238 XXX
train/dr2/mrjt0/sx328 XXX
train/dr2/mrlj0/sa1 XXX
train/dr2/mrlj0/sa2 XXX
train/dr2/mrlj0/si1420 XXX
train/dr2/mrlj0/si2050 XXX
train/dr2/mrlj0/si790 XXX
train/dr2/mrlj0/sx160 XXX
train/dr2/mrlj0/sx250 XXX
train/dr2/mrlj0/sx340 XXX
train/dr2/mrlr0/sa1 XXX
train/dr2/mrlr0/sa2 XXX
train/dr2/mrlr0/si1196 XXX
train/dr2/mrlr0/si1826 XXX
train/dr2/mrlr0/si566 XXX
train/dr2/mrlr0/sx116 XXX
train/dr2/mrlr0/sx206 XXX
train/dr2/mrlr0/sx26 XXX
train/dr2/mrms0/sa1 XXX
train/dr2/mrms0/sa2 XXX
train/dr2/mrms0/si1113 XXX
train/dr2/mrms0/si2057 XXX
train/dr2/mrms0/si2100 XXX
train/dr2/mrms0/sx120 XXX
train/dr2/mrms0/sx210 XXX
train/dr2/mrms0/sx30 XXX
train/dr2/msat0/sa1 XXX
train/dr2/msat0/sa2 XXX
train/dr2/msat0/si1526 XXX
train/dr2/msat0/si2156 XXX
train/dr2/msat0/si896 XXX
train/dr2/msat0/sx176 XXX
train/dr2/msat0/sx266 XXX
train/dr2/msat0/sx356 XXX
train/dr2/mtat1/sa1 XXX
train/dr2/mtat1/sa2 XXX
train/dr2/mtat1/si1409 XXX
train/dr2/mtat1/si1627 XXX
train/dr2/mtat1/si779 XXX
train/dr2/mtat1/sx149 XXX
train/dr2/mtat1/sx239 XXX
train/dr2/mtat1/sx329 XXX
train/dr2/mtbc0/sa1 XXX
train/dr2/mtbc0/sa2 XXX
train/dr2/mtbc0/si1173 XXX
train/dr2/mtbc0/si1803 XXX
train/dr2/mtbc0/si543 XXX
train/dr2/mtbc0/sx183 XXX
train/dr2/mtbc0/sx273 XXX
train/dr2/mtbc0/sx347 XXX
train/dr2/mtdb0/sa1 XXX
train/dr2/mtdb0/sa2 XXX
train/dr2/mtdb0/si1401 XXX
train/dr2/mtdb0/si2031 XXX
train/dr2/mtdb0/si771 XXX
train/dr2/mtdb0/sx141 XXX
train/dr2/mtdb0/sx231 XXX
train/dr2/mtdb0/sx321 XXX
train/dr2/mtjg0/sa1 XXX
train/dr2/mtjg0/sa2 XXX
train/dr2/mtjg0/si1520 XXX
train/dr2/mtjg0/si2157 XXX
train/dr2/mtjg0/si890 XXX
train/dr2/mtjg0/sx170 XXX
train/dr2/mtjg0/sx260 XXX
train/dr2/mtjg0/sx350 XXX
train/dr2/mwsb0/sa1 XXX
train/dr2/mwsb0/sa2 XXX
train/dr2/mwsb0/si1626 XXX
train/dr2/mwsb0/si2256 XXX
train/dr2/mwsb0/si996 XXX
train/dr2/mwsb0/sx186 XXX
train/dr2/mwsb0/sx276 XXX
train/dr2/mwsb0/sx366 XXX
train/dr2/mzmb0/sa1 XXX
train/dr2/mzmb0/sa2 XXX
train/dr2/mzmb0/si1166 XXX
train/dr2/mzmb0/si1796 XXX
train/dr2/mzmb0/si536 XXX
train/dr2/mzmb0/sx176 XXX
train/dr2/mzmb0/sx266 XXX
train/dr2/mzmb0/sx356 XXX
train/dr3/falk0/sa1 XXX
train/dr3/falk0/sa2 XXX
train/dr3/falk0/si1086 XXX
train/dr3/falk0/si456 XXX
train/dr3/falk0/si658 XXX
train/dr3/falk0/sx186 XXX
train/dr3/falk0/sx276 XXX
train/dr3/falk0/sx366 XXX
train/dr3/fcke0/sa1 XXX
train/dr3/fcke0/sa2 XXX
train/dr3/fcke0/si1111 XXX
train/dr3/fcke0/si1741 XXX
train/dr3/fcke0/si481 XXX
train/dr3/fcke0/sx121 XXX
train/dr3/fcke0/sx211 XXX
train/dr3/fcke0/sx301 XXX
train/dr3/fcmg0/sa1 XXX
train/dr3/fcmg0/sa2 XXX
train/dr3/fcmg0/si1142 XXX
train/dr3/fcmg0/si1242 XXX
train/dr3/fcmg0/si1872 XXX
train/dr3/fcmg0/sx162 XXX
train/dr3/fcmg0/sx252 XXX
train/dr3/fcmg0/sx342 XXX
train/dr3/fdfb0/sa1 XXX
train/dr3/fdfb0/sa2 XXX
train/dr3/fdfb0/si1318 XXX
train/dr3/fdfb0/si1948 XXX
train/dr3/fdfb0/si2010 XXX
train/dr3/fdfb0/sx148 XXX
train/dr3/fdfb0/sx238 XXX
train/dr3/fdfb0/sx328 XXX
train/dr3/fdjh0/sa1 XXX
train/dr3/fdjh0/sa2 XXX
train/dr3/fdjh0/si1565 XXX
train/dr3/fdjh0/si2195 XXX
train/dr3/fdjh0/si935 XXX
train/dr3/fdjh0/sx125 XXX
train/dr3/fdjh0/sx215 XXX
train/dr3/fdjh0/sx305 XXX
train/dr3/feme0/sa1 XXX
train/dr3/feme0/sa2 XXX
train/dr3/feme0/si1505 XXX
train/dr3/feme0/si2135 XXX
train/dr3/feme0/si875 XXX
train/dr3/feme0/sx155 XXX
train/dr3/feme0/sx245 XXX
train/dr3/feme0/sx335 XXX
train/dr3/fgcs0/sa1 XXX
train/dr3/fgcs0/sa2 XXX
train/dr3/fgcs0/si1486 XXX
train/dr3/fgcs0/si2116 XXX
train/dr3/fgcs0/si856 XXX
train/dr3/fgcs0/sx136 XXX
train/dr3/fgcs0/sx226 XXX
train/dr3/fgcs0/sx316 XXX
train/dr3/fgrw0/sa1 XXX
train/dr3/fgrw0/sa2 XXX
train/dr3/fgrw0/si1152 XXX
train/dr3/fgrw0/si1782 XXX
train/dr3/fgrw0/si1990 XXX
train/dr3/fgrw0/sx162 XXX
train/dr3/fgrw0/sx252 XXX
train/dr3/fgrw0/sx342 XXX
train/dr3/fjlg0/sa1 XXX
train/dr3/fjlg0/sa2 XXX
train/dr3/fjlg0/si1506 XXX
train/dr3/fjlg0/si1889 XXX
train/dr3/fjlg0/si2306 XXX
train/dr3/fjlg0/sx179 XXX
train/dr3/fjlg0/sx269 XXX
train/dr3/fjlg0/sx359 XXX
train/dr3/fjlr0/sa1 XXX
train/dr3/fjlr0/sa2 XXX
train/dr3/fjlr0/si1231 XXX
train/dr3/fjlr0/si1861 XXX
train/dr3/fjlr0/si601 XXX
train/dr3/fjlr0/sx151 XXX
train/dr3/fjlr0/sx241 XXX
train/dr3/fjlr0/sx331 XXX
train/dr3/flac0/sa1 XXX
train/dr3/flac0/sa2 XXX
train/dr3/flac0/si1339 XXX
train/dr3/flac0/si2161 XXX
train/dr3/flac0/si901 XXX
train/dr3/flac0/sx181 XXX
train/dr3/flac0/sx271 XXX
train/dr3/flac0/sx361 XXX
train/dr3/fljd0/sa1 XXX
train/dr3/fljd0/sa2 XXX
train/dr3/fljd0/si1516 XXX
train/dr3/fljd0/si2146 XXX
train/dr3/fljd0/si886 XXX
train/dr3/fljd0/sx166 XXX
train/dr3/fljd0/sx256 XXX
train/dr3/fljd0/sx346 XXX
train/dr3/fltm0/sa1 XXX
train/dr3/fltm0/sa2 XXX
train/dr3/fltm0/si1070 XXX
train/dr3/fltm0/si1700 XXX
train/dr3/fltm0/si2330 XXX
train/dr3/fltm0/sx170 XXX
train/dr3/fltm0/sx260 XXX
train/dr3/fltm0/sx350 XXX
train/dr3/fmjf0/sa1 XXX
train/dr3/fmjf0/sa2 XXX
train/dr3/fmjf0/si1254 XXX
train/dr3/fmjf0/si1884 XXX
train/dr3/fmjf0/si624 XXX
train/dr3/fmjf0/sx174 XXX
train/dr3/fmjf0/sx264 XXX
train/dr3/fmjf0/sx354 XXX
train/dr3/fntb0/sa1 XXX
train/dr3/fntb0/sa2 XXX
train/dr3/fntb0/si1203 XXX
train/dr3/fntb0/si573 XXX
train/dr3/fntb0/si679 XXX
train/dr3/fntb0/sx123 XXX
train/dr3/fntb0/sx213 XXX
train/dr3/fntb0/sx303 XXX
train/dr3/fpaz0/sa1 XXX
train/dr3/fpaz0/sa2 XXX
train/dr3/fpaz0/si1593 XXX
train/dr3/fpaz0/si2223 XXX
train/dr3/fpaz0/si963 XXX
train/dr3/fpaz0/sx153 XXX
train/dr3/fpaz0/sx243 XXX
train/dr3/fpaz0/sx27 XXX
train/dr3/fsjs0/sa1 XXX
train/dr3/fsjs0/sa2 XXX
train/dr3/fsjs0/si1171 XXX
train/dr3/fsjs0/si1801 XXX
train/dr3/fsjs0/si541 XXX
train/dr3/fsjs0/sx181 XXX
train/dr3/fsjs0/sx271 XXX
train/dr3/fsjs0/sx361 XXX
train/dr3/fsjw0/sa1 XXX
train/dr3/fsjw0/sa2 XXX
train/dr3/fsjw0/si1333 XXX
train/dr3/fsjw0/si1963 XXX
train/dr3/fsjw0/si703 XXX
train/dr3/fsjw0/sx163 XXX
train/dr3/fsjw0/sx253 XXX
train/dr3/fsjw0/sx343 XXX
train/dr3/fskc0/sa1 XXX
train/dr3/fskc0/sa2 XXX
train/dr3/fskc0/si1416 XXX
train/dr3/fskc0/si2046 XXX
train/dr3/fskc0/si786 XXX
train/dr3/fskc0/sx156 XXX
train/dr3/fskc0/sx246 XXX
train/dr3/fskc0/sx336 XXX
train/dr3/fsls0/sa1 XXX
train/dr3/fsls0/sa2 XXX
train/dr3/fsls0/si1056 XXX
train/dr3/fsls0/si1686 XXX
train/dr3/fsls0/si2316 XXX
train/dr3/fsls0/sx156 XXX
train/dr3/fsls0/sx202 XXX
train/dr3/fsls0/sx246 XXX
train/dr3/madc0/sa1 XXX
train/dr3/madc0/sa2 XXX
train/dr3/madc0/si1367 XXX
train/dr3/madc0/si1997 XXX
train/dr3/madc0/si737 XXX
train/dr3/madc0/sx107 XXX
train/dr3/madc0/sx17 XXX
train/dr3/madc0/sx197 XXX
train/dr3/makb0/sa1 XXX
train/dr3/makb0/sa2 XXX
train/dr3/makb0/si1016 XXX
train/dr3/makb0/si1646 XXX
train/dr3/makb0/si2276 XXX
train/dr3/makb0/sx116 XXX
train/dr3/makb0/sx206 XXX
train/dr3/makb0/sx26 XXX
train/dr3/makr0/sa1 XXX
train/dr3/makr0/sa2 XXX
train/dr3/makr0/si1352 XXX
train/dr3/makr0/si1982 XXX
train/dr3/makr0/si722 XXX
train/dr3/makr0/sx182 XXX
train/dr3/makr0/sx272 XXX
train/dr3/makr0/sx362 XXX
train/dr3/mapv0/sa1 XXX
train/dr3/mapv0/sa2 XXX
train/dr3/mapv0/si1293 XXX
train/dr3/mapv0/si1923 XXX
train/dr3/mapv0/si663 XXX
train/dr3/mapv0/sx123 XXX
train/dr3/mapv0/sx213 XXX
train/dr3/mapv0/sx303 XXX
train/dr3/mbef0/sa1 XXX
train/dr3/mbef0/sa2 XXX
train/dr3/mbef0/si1281 XXX
train/dr3/mbef0/si1911 XXX
train/dr3/mbef0/si651 XXX
train/dr3/mbef0/sx111 XXX
train/dr3/mbef0/sx201 XXX
train/dr3/mbef0/sx21 XXX
train/dr3/mcal0/sa1 XXX
train/dr3/mcal0/sa2 XXX
train/dr3/mcal0/si1138 XXX
train/dr3/mcal0/si1768 XXX
train/dr3/mcal0/si508 XXX
train/dr3/mcal0/sx148 XXX
train/dr3/mcal0/sx238 XXX
train/dr3/mcal0/sx328 XXX
train/dr3/mcdc0/sa1 XXX
train/dr3/mcdc0/sa2 XXX
train/dr3/mcdc0/si1292 XXX
train/dr3/mcdc0/si1922 XXX
train/dr3/mcdc0/si662 XXX
train/dr3/mcdc0/sx122 XXX
train/dr3/mcdc0/sx212 XXX
train/dr3/mcdc0/sx302 XXX
train/dr3/mcdd0/sa1 XXX
train/dr3/mcdd0/sa2 XXX
train/dr3/mcdd0/si1513 XXX
train/dr3/mcdd0/si2143 XXX
train/dr3/mcdd0/si883 XXX
train/dr3/mcdd0/sx163 XXX
train/dr3/mcdd0/sx253 XXX
train/dr3/mcdd0/sx343 XXX
train/dr3/mcef0/sa1 XXX
train/dr3/mcef0/sa2 XXX
train/dr3/mcef0/si1135 XXX
train/dr3/mcef0/si1765 XXX
train/dr3/mcef0/si842 XXX
train/dr3/mcef0/sx145 XXX
train/dr3/mcef0/sx235 XXX
train/dr3/mcef0/sx325 XXX
train/dr3/mdbb1/sa1 XXX
train/dr3/mdbb1/sa2 XXX
train/dr3/mdbb1/si1006 XXX
train/dr3/mdbb1/si1636 XXX
train/dr3/mdbb1/si2056 XXX
train/dr3/mdbb1/sx106 XXX
train/dr3/mdbb1/sx16 XXX
train/dr3/mdbb1/sx196 XXX
train/dr3/mddc0/sa1 XXX
train/dr3/mddc0/sa2 XXX
train/dr3/mddc0/si1419 XXX
train/dr3/mddc0/si2049 XXX
train/dr3/mddc0/si789 XXX
train/dr3/mddc0/sx159 XXX
train/dr3/mddc0/sx249 XXX
train/dr3/mddc0/sx339 XXX
train/dr3/mdef0/sa1 XXX
train/dr3/mdef0/sa2 XXX
train/dr3/mdef0/si1123 XXX
train/dr3/mdef0/si1563 XXX
train/dr3/mdef0/si2193 XXX
train/dr3/mdef0/sx123 XXX
train/dr3/mdef0/sx213 XXX
train/dr3/mdef0/sx303 XXX
train/dr3/mdhs0/sa1 XXX
train/dr3/mdhs0/sa2 XXX
train/dr3/mdhs0/si1530 XXX
train/dr3/mdhs0/si2160 XXX
train/dr3/mdhs0/si900 XXX
train/dr3/mdhs0/sx180 XXX
train/dr3/mdhs0/sx270 XXX
train/dr3/mdhs0/sx360 XXX
train/dr3/mdjm0/sa1 XXX
train/dr3/mdjm0/sa2 XXX
train/dr3/mdjm0/si1455 XXX
train/dr3/mdjm0/si2085 XXX
train/dr3/mdjm0/si825 XXX
train/dr3/mdjm0/sx105 XXX
train/dr3/mdjm0/sx15 XXX
train/dr3/mdjm0/sx195 XXX
train/dr3/mdlc0/sa1 XXX
train/dr3/mdlc0/sa2 XXX
train/dr3/mdlc0/si1395 XXX
train/dr3/mdlc0/si2025 XXX
train/dr3/mdlc0/si765 XXX
train/dr3/mdlc0/sx135 XXX
train/dr3/mdlc0/sx225 XXX
train/dr3/mdlc0/sx315 XXX
train/dr3/mdlh0/sa1 XXX
train/dr3/mdlh0/sa2 XXX
train/dr3/mdlh0/si1960 XXX
train/dr3/mdlh0/si574 XXX
train/dr3/mdlh0/si700 XXX
train/dr3/mdlh0/sx160 XXX
train/dr3/mdlh0/sx250 XXX
train/dr3/mdlh0/sx340 XXX
train/dr3/mdns0/sa1 XXX
train/dr3/mdns0/sa2 XXX
train/dr3/mdns0/si1011 XXX
train/dr3/mdns0/si2271 XXX
train/dr3/mdns0/si873 XXX
train/dr3/mdns0/sx111 XXX
train/dr3/mdns0/sx201 XXX
train/dr3/mdns0/sx21 XXX
train/dr3/mdss1/sa1 XXX
train/dr3/mdss1/sa2 XXX
train/dr3/mdss1/si1327 XXX
train/dr3/mdss1/si1713 XXX
train/dr3/mdss1/si697 XXX
train/dr3/mdss1/sx157 XXX
train/dr3/mdss1/sx247 XXX
train/dr3/mdss1/sx337 XXX
train/dr3/mdtb0/sa1 XXX
train/dr3/mdtb0/sa2 XXX
train/dr3/mdtb0/si1200 XXX
train/dr3/mdtb0/si1830 XXX
train/dr3/mdtb0/si570 XXX
train/dr3/mdtb0/sx120 XXX
train/dr3/mdtb0/sx210 XXX
train/dr3/mdtb0/sx300 XXX
train/dr3/mdwm0/sa1 XXX
train/dr3/mdwm0/sa2 XXX
train/dr3/mdwm0/si1546 XXX
train/dr3/mdwm0/si2176 XXX
train/dr3/mdwm0/si916 XXX
train/dr3/mdwm0/sx106 XXX
train/dr3/mdwm0/sx16 XXX
train/dr3/mdwm0/sx286 XXX
train/dr3/mfmc0/sa1 XXX
train/dr3/mfmc0/sa2 XXX
train/dr3/mfmc0/si1132 XXX
train/dr3/mfmc0/si1762 XXX
train/dr3/mfmc0/si502 XXX
train/dr3/mfmc0/sx142 XXX
train/dr3/mfmc0/sx232 XXX
train/dr3/mfmc0/sx322 XXX
train/dr3/mgaf0/sa1 XXX
train/dr3/mgaf0/sa2 XXX
train/dr3/mgaf0/si1282 XXX
train/dr3/mgaf0/si1912 XXX
train/dr3/mgaf0/si652 XXX
train/dr3/mgaf0/sx112 XXX
train/dr3/mgaf0/sx202 XXX
train/dr3/mgaf0/sx22 XXX
train/dr3/mhjb0/sa1 XXX
train/dr3/mhjb0/sa2 XXX
train/dr3/mhjb0/si1017 XXX
train/dr3/mhjb0/si1647 XXX
train/dr3/mhjb0/si2277 XXX
train/dr3/mhjb0/sx117 XXX
train/dr3/mhjb0/sx207 XXX
train/dr3/mhjb0/sx27 XXX
train/dr3/mhmr0/sa1 XXX
train/dr3/mhmr0/sa2 XXX
train/dr3/mhmr0/si1119 XXX
train/dr3/mhmr0/si1692 XXX
train/dr3/mhmr0/si489 XXX
train/dr3/mhmr0/sx129 XXX
train/dr3/mhmr0/sx219 XXX
train/dr3/mhmr0/sx309 XXX
train/dr3/milb0/sa1 XXX
train/dr3/milb0/sa2 XXX
train/dr3/milb0/si2163 XXX
train/dr3/milb0/si807 XXX
train/dr3/milb0/si903 XXX
train/dr3/milb0/sx183 XXX
train/dr3/milb0/sx273 XXX
train/dr3/milb0/sx3 XXX
train/dr3/mjda0/sa1 XXX
train/dr3/mjda0/sa2 XXX
train/dr3/mjda0/si1031 XXX
train/dr3/mjda0/si1661 XXX
train/dr3/mjda0/si2291 XXX
train/dr3/mjda0/sx131 XXX
train/dr3/mjda0/sx221 XXX
train/dr3/mjda0/sx311 XXX
train/dr3/mjjb0/sa1 XXX
train/dr3/mjjb0/sa2 XXX
train/dr3/mjjb0/si1139 XXX
train/dr3/mjjb0/si1277 XXX
train/dr3/mjjb0/si1769 XXX
train/dr3/mjjb0/sx149 XXX
train/dr3/mjjb0/sx239 XXX
train/dr3/mjjb0/sx329 XXX
train/dr3/mjkr0/sa1 XXX
train/dr3/mjkr0/sa2 XXX
train/dr3/mjkr0/si1201 XXX
train/dr3/mjkr0/si1831 XXX
train/dr3/mjkr0/si571 XXX
train/dr3/mjkr0/sx121 XXX
train/dr3/mjkr0/sx211 XXX
train/dr3/mjkr0/sx301 XXX
train/dr3/mjlg1/sa1 XXX
train/dr3/mjlg1/sa2 XXX
train/dr3/mjlg1/si1012 XXX
train/dr3/mjlg1/si1642 XXX
train/dr3/mjlg1/si2272 XXX
train/dr3/mjlg1/sx112 XXX
train/dr3/mjlg1/sx202 XXX
train/dr3/mjlg1/sx22 XXX
train/dr3/mjrh1/sa1 XXX
train/dr3/mjrh1/sa2 XXX
train/dr3/mjrh1/si1558 XXX
train/dr3/mjrh1/si1774 XXX
train/dr3/mjrh1/si514 XXX
train/dr3/mjrh1/sx154 XXX
train/dr3/mjrh1/sx244 XXX
train/dr3/mjrh1/sx334 XXX
train/dr3/mkls1/sa1 XXX
train/dr3/mkls1/sa2 XXX
train/dr3/mkls1/si1545 XXX
train/dr3/mkls1/si2175 XXX
train/dr3/mkls1/si915 XXX
train/dr3/mkls1/sx105 XXX
train/dr3/mkls1/sx15 XXX
train/dr3/mkls1/sx195 XXX
train/dr3/mkxl0/sa1 XXX
train/dr3/mkxl0/sa2 XXX
train/dr3/mkxl0/si1185 XXX
train/dr3/mkxl0/si1815 XXX
train/dr3/mkxl0/si1958 XXX
train/dr3/mkxl0/sx105 XXX
train/dr3/mkxl0/sx15 XXX
train/dr3/mkxl0/sx195 XXX
train/dr3/mlns0/sa1 XXX
train/dr3/mlns0/sa2 XXX
train/dr3/mlns0/si1407 XXX
train/dr3/mlns0/si2037 XXX
train/dr3/mlns0/si777 XXX
train/dr3/mlns0/sx147 XXX
train/dr3/mlns0/sx237 XXX
train/dr3/mlns0/sx327 XXX
train/dr3/mmam0/sa1 XXX
train/dr3/mmam0/sa2 XXX
train/dr3/mmam0/si1597 XXX
train/dr3/mmam0/si1668 XXX
train/dr3/mmam0/si2227 XXX
train/dr3/mmam0/sx157 XXX
train/dr3/mmam0/sx247 XXX
train/dr3/mmam0/sx337 XXX
train/dr3/mmar0/sa1 XXX
train/dr3/mmar0/sa2 XXX
train/dr3/mmar0/si1336 XXX
train/dr3/mmar0/si1966 XXX
train/dr3/mmar0/si706 XXX
train/dr3/mmar0/sx166 XXX
train/dr3/mmar0/sx256 XXX
train/dr3/mmar0/sx346 XXX
train/dr3/mmeb0/sa1 XXX
train/dr3/mmeb0/sa2 XXX
train/dr3/mmeb0/si1357 XXX
train/dr3/mmeb0/si1987 XXX
train/dr3/mmeb0/si727 XXX
train/dr3/mmeb0/sx187 XXX
train/dr3/mmeb0/sx327 XXX
train/dr3/mmeb0/sx367 XXX
train/dr3/mmjb1/sa1 XXX
train/dr3/mmjb1/sa2 XXX
train/dr3/mmjb1/si1408 XXX
train/dr3/mmjb1/si2038 XXX
train/dr3/mmjb1/si778 XXX
train/dr3/mmjb1/sx148 XXX
train/dr3/mmjb1/sx238 XXX
train/dr3/mmjb1/sx328 XXX
train/dr3/mmsm0/sa1 XXX
train/dr3/mmsm0/sa2 XXX
train/dr3/mmsm0/si1106 XXX
train/dr3/mmsm0/si1736 XXX
train/dr3/mmsm0/si476 XXX
train/dr3/mmsm0/sx116 XXX
train/dr3/mmsm0/sx206 XXX
train/dr3/mmsm0/sx26 XXX
train/dr3/mprd0/sa1 XXX
train/dr3/mprd0/sa2 XXX
train/dr3/mprd0/si1431 XXX
train/dr3/mprd0/si2061 XXX
train/dr3/mprd0/si801 XXX
train/dr3/mprd0/sx171 XXX
train/dr3/mprd0/sx261 XXX
train/dr3/mprd0/sx351 XXX
train/dr3/mrbc0/sa1 XXX
train/dr3/mrbc0/sa2 XXX
train/dr3/mrbc0/si1665 XXX
train/dr3/mrbc0/si1859 XXX
train/dr3/mrbc0/si599 XXX
train/dr3/mrbc0/sx149 XXX
train/dr3/mrbc0/sx239 XXX
train/dr3/mrbc0/sx329 XXX
train/dr3/mrds0/sa1 XXX
train/dr3/mrds0/sa2 XXX
train/dr3/mrds0/si1167 XXX
train/dr3/mrds0/si1797 XXX
train/dr3/mrds0/si537 XXX
train/dr3/mrds0/sx177 XXX
train/dr3/mrds0/sx267 XXX
train/dr3/mrds0/sx357 XXX
train/dr3/mree0/sa1 XXX
train/dr3/mree0/sa2 XXX
train/dr3/mree0/si1104 XXX
train/dr3/mree0/si1734 XXX
train/dr3/mree0/si1959 XXX
train/dr3/mree0/sx114 XXX
train/dr3/mree0/sx204 XXX
train/dr3/mree0/sx24 XXX
train/dr3/mreh1/sa1 XXX
train/dr3/mreh1/sa2 XXX
train/dr3/mreh1/si1599 XXX
train/dr3/mreh1/si2229 XXX
train/dr3/mreh1/si969 XXX
train/dr3/mreh1/sx159 XXX
train/dr3/mreh1/sx249 XXX
train/dr3/mreh1/sx339 XXX
train/dr3/mrjb1/sa1 XXX
train/dr3/mrjb1/sa2 XXX
train/dr3/mrjb1/si1020 XXX
train/dr3/mrjb1/si1413 XXX
train/dr3/mrjb1/si2021 XXX
train/dr3/mrjb1/sx120 XXX
train/dr3/mrjb1/sx210 XXX
train/dr3/mrjb1/sx30 XXX
train/dr3/mrtc0/sa1 XXX
train/dr3/mrtc0/sa2 XXX
train/dr3/mrtc0/si1458 XXX
train/dr3/mrtc0/si2088 XXX
train/dr3/mrtc0/si828 XXX
train/dr3/mrtc0/sx108 XXX
train/dr3/mrtc0/sx18 XXX
train/dr3/mrtc0/sx198 XXX
train/dr3/mrtj0/sa1 XXX
train/dr3/mrtj0/sa2 XXX
train/dr3/mrtj0/si1551 XXX
train/dr3/mrtj0/si2032 XXX
train/dr3/mrtj0/si772 XXX
train/dr3/mrtj0/sx142 XXX
train/dr3/mrtj0/sx232 XXX
train/dr3/mrtj0/sx322 XXX
train/dr3/mrwa0/sa1 XXX
train/dr3/mrwa0/sa2 XXX
train/dr3/mrwa0/si1603 XXX
train/dr3/mrwa0/si2233 XXX
train/dr3/mrwa0/si973 XXX
train/dr3/mrwa0/sx163 XXX
train/dr3/mrwa0/sx253 XXX
train/dr3/mrwa0/sx343 XXX
train/dr3/msfv0/sa1 XXX
train/dr3/msfv0/sa2 XXX
train/dr3/msfv0/si1262 XXX
train/dr3/msfv0/si1892 XXX
train/dr3/msfv0/si632 XXX
train/dr3/msfv0/sx182 XXX
train/dr3/msfv0/sx272 XXX
train/dr3/msfv0/sx362 XXX
train/dr3/mtjm0/sa1 XXX
train/dr3/mtjm0/sa2 XXX
train/dr3/mtjm0/si1226 XXX
train/dr3/mtjm0/si1856 XXX
train/dr3/mtjm0/si655 XXX
train/dr3/mtjm0/sx146 XXX
train/dr3/mtjm0/sx236 XXX
train/dr3/mtjm0/sx326 XXX
train/dr3/mtkp0/sa1 XXX
train/dr3/mtkp0/sa2 XXX
train/dr3/mtkp0/si1023 XXX
train/dr3/mtkp0/si2283 XXX
train/dr3/mtkp0/si454 XXX
train/dr3/mtkp0/sx123 XXX
train/dr3/mtkp0/sx213 XXX
train/dr3/mtkp0/sx303 XXX
train/dr3/mtlb0/sa1 XXX
train/dr3/mtlb0/sa2 XXX
train/dr3/mtlb0/si1134 XXX
train/dr3/mtlb0/si1764 XXX
train/dr3/mtlb0/si504 XXX
train/dr3/mtlb0/sx144 XXX
train/dr3/mtlb0/sx234 XXX
train/dr3/mtlb0/sx324 XXX
train/dr3/mtpg0/sa1 XXX
train/dr3/mtpg0/sa2 XXX
train/dr3/mtpg0/si1383 XXX
train/dr3/mtpg0/si2013 XXX
train/dr3/mtpg0/si753 XXX
train/dr3/mtpg0/sx123 XXX
train/dr3/mtpg0/sx213 XXX
train/dr3/mtpg0/sx303 XXX
train/dr3/mtpp0/sa1 XXX
train/dr3/mtpp0/sa2 XXX
train/dr3/mtpp0/si1508 XXX
train/dr3/mtpp0/si2138 XXX
train/dr3/mtpp0/si878 XXX
train/dr3/mtpp0/sx158 XXX
train/dr3/mtpp0/sx248 XXX
train/dr3/mtpp0/sx338 XXX
train/dr3/mvjh0/sa1 XXX
train/dr3/mvjh0/sa2 XXX
train/dr3/mvjh0/si1556 XXX
train/dr3/mvjh0/si2186 XXX
train/dr3/mvjh0/si926 XXX
train/dr3/mvjh0/sx116 XXX
train/dr3/mvjh0/sx206 XXX
train/dr3/mvjh0/sx26 XXX
train/dr3/mwdk0/sa1 XXX
train/dr3/mwdk0/sa2 XXX
train/dr3/mwdk0/si1436 XXX
train/dr3/mwdk0/si2017 XXX
train/dr3/mwdk0/si806 XXX
train/dr3/mwdk0/sx176 XXX
train/dr3/mwdk0/sx266 XXX
train/dr3/mwdk0/sx356 XXX
train/dr3/mwgr0/sa1 XXX
train/dr3/mwgr0/sa2 XXX
train/dr3/mwgr0/si1606 XXX
train/dr3/mwgr0/si2236 XXX
train/dr3/mwgr0/si976 XXX
train/dr3/mwgr0/sx166 XXX
train/dr3/mwgr0/sx256 XXX
train/dr3/mwgr0/sx346 XXX
train/dr4/falr0/sa1 XXX
train/dr4/falr0/sa2 XXX
train/dr4/falr0/si1325 XXX
train/dr4/falr0/si1955 XXX
train/dr4/falr0/si695 XXX
train/dr4/falr0/sx155 XXX
train/dr4/falr0/sx245 XXX
train/dr4/falr0/sx335 XXX
train/dr4/fbas0/sa1 XXX
train/dr4/fbas0/sa2 XXX
train/dr4/fbas0/si1387 XXX
train/dr4/fbas0/si1472 XXX
train/dr4/fbas0/si2066 XXX
train/dr4/fbas0/sx127 XXX
train/dr4/fbas0/sx217 XXX
train/dr4/fbas0/sx307 XXX
train/dr4/fbmj0/sa1 XXX
train/dr4/fbmj0/sa2 XXX
train/dr4/fbmj0/si1776 XXX
train/dr4/fbmj0/si516 XXX
train/dr4/fbmj0/si815 XXX
train/dr4/fbmj0/sx156 XXX
train/dr4/fbmj0/sx246 XXX
train/dr4/fbmj0/sx336 XXX
train/dr4/fcag0/sa1 XXX
train/dr4/fcag0/sa2 XXX
train/dr4/fcag0/si1503 XXX
train/dr4/fcag0/si1641 XXX
train/dr4/fcag0/si2133 XXX
train/dr4/fcag0/sx153 XXX
train/dr4/fcag0/sx243 XXX
train/dr4/fcag0/sx333 XXX
train/dr4/fdkn0/sa1 XXX
train/dr4/fdkn0/sa2 XXX
train/dr4/fdkn0/si1081 XXX
train/dr4/fdkn0/si1202 XXX
train/dr4/fdkn0/si1711 XXX
train/dr4/fdkn0/sx181 XXX
train/dr4/fdkn0/sx271 XXX
train/dr4/fdkn0/sx361 XXX
train/dr4/feeh0/sa1 XXX
train/dr4/feeh0/sa2 XXX
train/dr4/feeh0/si1112 XXX
train/dr4/feeh0/si1742 XXX
train/dr4/feeh0/si471 XXX
train/dr4/feeh0/sx122 XXX
train/dr4/feeh0/sx212 XXX
train/dr4/feeh0/sx302 XXX
train/dr4/fjwb1/sa1 XXX
train/dr4/fjwb1/sa2 XXX
train/dr4/fjwb1/si2055 XXX
train/dr4/fjwb1/si748 XXX
train/dr4/fjwb1/si795 XXX
train/dr4/fjwb1/sx165 XXX
train/dr4/fjwb1/sx255 XXX
train/dr4/fjwb1/sx345 XXX
train/dr4/fjxp0/sa1 XXX
train/dr4/fjxp0/sa2 XXX
train/dr4/fjxp0/si1122 XXX
train/dr4/fjxp0/si1752 XXX
train/dr4/fjxp0/si492 XXX
train/dr4/fjxp0/sx132 XXX
train/dr4/fjxp0/sx222 XXX
train/dr4/fjxp0/sx312 XXX
train/dr4/fkdw0/sa1 XXX
train/dr4/fkdw0/sa2 XXX
train/dr4/fkdw0/si1207 XXX
train/dr4/fkdw0/si1891 XXX
train/dr4/fkdw0/si577 XXX
train/dr4/fkdw0/sx127 XXX
train/dr4/fkdw0/sx217 XXX
train/dr4/fkdw0/sx307 XXX
train/dr4/fklc0/sa1 XXX
train/dr4/fklc0/sa2 XXX
train/dr4/fklc0/si1615 XXX
train/dr4/fklc0/si2245 XXX
train/dr4/fklc0/si985 XXX
train/dr4/fklc0/sx175 XXX
train/dr4/fklc0/sx265 XXX
train/dr4/fklc0/sx355 XXX
train/dr4/flhd0/sa1 XXX
train/dr4/flhd0/sa2 XXX
train/dr4/flhd0/si1344 XXX
train/dr4/flhd0/si1827 XXX
train/dr4/flhd0/si1974 XXX
train/dr4/flhd0/sx174 XXX
train/dr4/flhd0/sx264 XXX
train/dr4/flhd0/sx354 XXX
train/dr4/flkm0/sa1 XXX
train/dr4/flkm0/sa2 XXX
train/dr4/flkm0/si1880 XXX
train/dr4/flkm0/si620 XXX
train/dr4/flkm0/si686 XXX
train/dr4/flkm0/sx116 XXX
train/dr4/flkm0/sx260 XXX
train/dr4/flkm0/sx350 XXX
train/dr4/fpaf0/sa1 XXX
train/dr4/fpaf0/sa2 XXX
train/dr4/fpaf0/si1054 XXX
train/dr4/fpaf0/si1684 XXX
train/dr4/fpaf0/si2314 XXX
train/dr4/fpaf0/sx154 XXX
train/dr4/fpaf0/sx244 XXX
train/dr4/fpaf0/sx334 XXX
train/dr4/fsak0/sa1 XXX
train/dr4/fsak0/sa2 XXX
train/dr4/fsak0/si1300 XXX
train/dr4/fsak0/si1930 XXX
train/dr4/fsak0/si670 XXX
train/dr4/fsak0/sx130 XXX
train/dr4/fsak0/sx220 XXX
train/dr4/fsak0/sx310 XXX
train/dr4/fssb0/sa1 XXX
train/dr4/fssb0/sa2 XXX
train/dr4/fssb0/si1082 XXX
train/dr4/fssb0/si1712 XXX
train/dr4/fssb0/si2342 XXX
train/dr4/fssb0/sx182 XXX
train/dr4/fssb0/sx272 XXX
train/dr4/fssb0/sx362 XXX
train/dr4/maeb0/sa1 XXX
train/dr4/maeb0/sa2 XXX
train/dr4/maeb0/si1411 XXX
train/dr4/maeb0/si2250 XXX
train/dr4/maeb0/si990 XXX
train/dr4/maeb0/sx180 XXX
train/dr4/maeb0/sx270 XXX
train/dr4/maeb0/sx360 XXX
train/dr4/marw0/sa1 XXX
train/dr4/marw0/sa2 XXX
train/dr4/marw0/si1276 XXX
train/dr4/marw0/si1906 XXX
train/dr4/marw0/si646 XXX
train/dr4/marw0/sx106 XXX
train/dr4/marw0/sx16 XXX
train/dr4/marw0/sx286 XXX
train/dr4/mbma0/sa1 XXX
train/dr4/mbma0/sa2 XXX
train/dr4/mbma0/si1222 XXX
train/dr4/mbma0/si1852 XXX
train/dr4/mbma0/si592 XXX
train/dr4/mbma0/sx142 XXX
train/dr4/mbma0/sx232 XXX
train/dr4/mbma0/sx322 XXX
train/dr4/mbwp0/sa1 XXX
train/dr4/mbwp0/sa2 XXX
train/dr4/mbwp0/si1531 XXX
train/dr4/mbwp0/si1969 XXX
train/dr4/mbwp0/si709 XXX
train/dr4/mbwp0/sx169 XXX
train/dr4/mbwp0/sx259 XXX
train/dr4/mbwp0/sx349 XXX
train/dr4/mcdr0/sa1 XXX
train/dr4/mcdr0/sa2 XXX
train/dr4/mcdr0/si1154 XXX
train/dr4/mcdr0/si1784 XXX
train/dr4/mcdr0/si524 XXX
train/dr4/mcdr0/sx164 XXX
train/dr4/mcdr0/sx254 XXX
train/dr4/mcdr0/sx344 XXX
train/dr4/mcss0/sa1 XXX
train/dr4/mcss0/sa2 XXX
train/dr4/mcss0/si1380 XXX
train/dr4/mcss0/si688 XXX
train/dr4/mcss0/si750 XXX
train/dr4/mcss0/sx120 XXX
train/dr4/mcss0/sx210 XXX
train/dr4/mcss0/sx30 XXX
train/dr4/mdcd0/sa1 XXX
train/dr4/mdcd0/sa2 XXX
train/dr4/mdcd0/si1415 XXX
train/dr4/mdcd0/si2045 XXX
train/dr4/mdcd0/si785 XXX
train/dr4/mdcd0/sx155 XXX
train/dr4/mdcd0/sx245 XXX
train/dr4/mdcd0/sx335 XXX
train/dr4/mdma0/sa1 XXX
train/dr4/mdma0/sa2 XXX
train/dr4/mdma0/si1238 XXX
train/dr4/mdma0/si1430 XXX
train/dr4/mdma0/si2060 XXX
train/dr4/mdma0/sx170 XXX
train/dr4/mdma0/sx260 XXX
train/dr4/mdma0/sx350 XXX
train/dr4/mesg0/sa1 XXX
train/dr4/mesg0/sa2 XXX
train/dr4/mesg0/si1332 XXX
train/dr4/mesg0/si1962 XXX
train/dr4/mesg0/si702 XXX
train/dr4/mesg0/sx162 XXX
train/dr4/mesg0/sx252 XXX
train/dr4/mesg0/sx342 XXX
train/dr4/mfrm0/sa1 XXX
train/dr4/mfrm0/sa2 XXX
train/dr4/mfrm0/si1155 XXX
train/dr4/mfrm0/si1717 XXX
train/dr4/mfrm0/si1785 XXX
train/dr4/mfrm0/sx165 XXX
train/dr4/mfrm0/sx255 XXX
train/dr4/mfrm0/sx345 XXX
train/dr4/mfwk0/sa1 XXX
train/dr4/mfwk0/sa2 XXX
train/dr4/mfwk0/si1249 XXX
train/dr4/mfwk0/si1879 XXX
train/dr4/mfwk0/si619 XXX
train/dr4/mfwk0/sx169 XXX
train/dr4/mfwk0/sx259 XXX
train/dr4/mfwk0/sx349 XXX
train/dr4/mgag0/sa1 XXX
train/dr4/mgag0/sa2 XXX
train/dr4/mgag0/si1321 XXX
train/dr4/mgag0/si645 XXX
train/dr4/mgag0/si691 XXX
train/dr4/mgag0/sx151 XXX
train/dr4/mgag0/sx241 XXX
train/dr4/mgag0/sx331 XXX
train/dr4/mgjc0/sa1 XXX
train/dr4/mgjc0/sa2 XXX
train/dr4/mgjc0/si1256 XXX
train/dr4/mgjc0/si1335 XXX
train/dr4/mgjc0/si1965 XXX
train/dr4/mgjc0/sx165 XXX
train/dr4/mgjc0/sx255 XXX
train/dr4/mgjc0/sx345 XXX
train/dr4/mgrp0/sa1 XXX
train/dr4/mgrp0/sa2 XXX
train/dr4/mgrp0/si1317 XXX
train/dr4/mgrp0/si1947 XXX
train/dr4/mgrp0/si687 XXX
train/dr4/mgrp0/sx147 XXX
train/dr4/mgrp0/sx237 XXX
train/dr4/mgrp0/sx327 XXX
train/dr4/mgxp0/sa1 XXX
train/dr4/mgxp0/sa2 XXX
train/dr4/mgxp0/si1087 XXX
train/dr4/mgxp0/si457 XXX
train/dr4/mgxp0/si525 XXX
train/dr4/mgxp0/sx187 XXX
train/dr4/mgxp0/sx277 XXX
train/dr4/mgxp0/sx367 XXX
train/dr4/mjac0/sa1 XXX
train/dr4/mjac0/sa2 XXX
train/dr4/mjac0/si1331 XXX
train/dr4/mjac0/si2148 XXX
train/dr4/mjac0/si701 XXX
train/dr4/mjac0/sx251 XXX
train/dr4/mjac0/sx307 XXX
train/dr4/mjac0/sx341 XXX
train/dr4/mjdc0/sa1 XXX
train/dr4/mjdc0/sa2 XXX
train/dr4/mjdc0/si1161 XXX
train/dr4/mjdc0/si2165 XXX
train/dr4/mjdc0/si531 XXX
train/dr4/mjdc0/sx171 XXX
train/dr4/mjdc0/sx261 XXX
train/dr4/mjdc0/sx351 XXX
train/dr4/mjee0/sa1 XXX
train/dr4/mjee0/sa2 XXX
train/dr4/mjee0/si1237 XXX
train/dr4/mjee0/si1867 XXX
train/dr4/mjee0/si607 XXX
train/dr4/mjee0/sx157 XXX
train/dr4/mjee0/sx247 XXX
train/dr4/mjee0/sx337 XXX
train/dr4/mjjj0/sa1 XXX
train/dr4/mjjj0/sa2 XXX
train/dr4/mjjj0/si1163 XXX
train/dr4/mjjj0/si1793 XXX
train/dr4/mjjj0/si533 XXX
train/dr4/mjjj0/sx173 XXX
train/dr4/mjjj0/sx263 XXX
train/dr4/mjjj0/sx353 XXX
train/dr4/mjlb0/sa1 XXX
train/dr4/mjlb0/sa2 XXX
train/dr4/mjlb0/si1616 XXX
train/dr4/mjlb0/si2246 XXX
train/dr4/mjlb0/si986 XXX
train/dr4/mjlb0/sx176 XXX
train/dr4/mjlb0/sx266 XXX
train/dr4/mjlb0/sx356 XXX
train/dr4/mjls0/sa1 XXX
train/dr4/mjls0/sa2 XXX
train/dr4/mjls0/si1096 XXX
train/dr4/mjls0/si1726 XXX
train/dr4/mjls0/si466 XXX
train/dr4/mjls0/sx106 XXX
train/dr4/mjls0/sx16 XXX
train/dr4/mjls0/sx196 XXX
train/dr4/mjmm0/sa1 XXX
train/dr4/mjmm0/sa2 XXX
train/dr4/mjmm0/si1255 XXX
train/dr4/mjmm0/si1885 XXX
train/dr4/mjmm0/si625 XXX
train/dr4/mjmm0/sx175 XXX
train/dr4/mjmm0/sx265 XXX
train/dr4/mjmm0/sx355 XXX
train/dr4/mjpm1/sa1 XXX
train/dr4/mjpm1/sa2 XXX
train/dr4/mjpm1/si1897 XXX
train/dr4/mjpm1/si2280 XXX
train/dr4/mjpm1/si761 XXX
train/dr4/mjpm1/sx131 XXX
train/dr4/mjpm1/sx221 XXX
train/dr4/mjpm1/sx311 XXX
train/dr4/mjrh0/sa1 XXX
train/dr4/mjrh0/sa2 XXX
train/dr4/mjrh0/si1125 XXX
train/dr4/mjrh0/si1755 XXX
train/dr4/mjrh0/si1840 XXX
train/dr4/mjrh0/sx135 XXX
train/dr4/mjrh0/sx225 XXX
train/dr4/mjrh0/sx315 XXX
train/dr4/mjsr0/sa1 XXX
train/dr4/mjsr0/sa2 XXX
train/dr4/mjsr0/si1424 XXX
train/dr4/mjsr0/si2054 XXX
train/dr4/mjsr0/si794 XXX
train/dr4/mjsr0/sx164 XXX
train/dr4/mjsr0/sx254 XXX
train/dr4/mjsr0/sx344 XXX
train/dr4/mjws0/sa1 XXX
train/dr4/mjws0/sa2 XXX
train/dr4/mjws0/si1143 XXX
train/dr4/mjws0/si1773 XXX
train/dr4/mjws0/si513 XXX
train/dr4/mjws0/sx153 XXX
train/dr4/mjws0/sx243 XXX
train/dr4/mjws0/sx333 XXX
train/dr4/mjxl0/sa1 XXX
train/dr4/mjxl0/sa2 XXX
train/dr4/mjxl0/si1172 XXX
train/dr4/mjxl0/si1795 XXX
train/dr4/mjxl0/si542 XXX
train/dr4/mjxl0/sx182 XXX
train/dr4/mjxl0/sx272 XXX
train/dr4/mjxl0/sx362 XXX
train/dr4/mkam0/sa1 XXX
train/dr4/mkam0/sa2 XXX
train/dr4/mkam0/si1250 XXX
train/dr4/mkam0/si1316 XXX
train/dr4/mkam0/si1465 XXX
train/dr4/mkam0/sx146 XXX
train/dr4/mkam0/sx236 XXX
train/dr4/mkam0/sx326 XXX
train/dr4/mlbc0/sa1 XXX
train/dr4/mlbc0/sa2 XXX
train/dr4/mlbc0/si1239 XXX
train/dr4/mlbc0/si1869 XXX
train/dr4/mlbc0/si609 XXX
train/dr4/mlbc0/sx159 XXX
train/dr4/mlbc0/sx249 XXX
train/dr4/mlbc0/sx339 XXX
train/dr4/mlel0/sa1 XXX
train/dr4/mlel0/sa2 XXX
train/dr4/mlel0/si1246 XXX
train/dr4/mlel0/si1876 XXX
train/dr4/mlel0/si616 XXX
train/dr4/mlel0/sx166 XXX
train/dr4/mlel0/sx256 XXX
train/dr4/mlel0/sx346 XXX
train/dr4/mljc0/sa1 XXX
train/dr4/mljc0/sa2 XXX
train/dr4/mljc0/si1225 XXX
train/dr4/mljc0/si1855 XXX
train/dr4/mljc0/si595 XXX
train/dr4/mljc0/sx145 XXX
train/dr4/mljc0/sx235 XXX
train/dr4/mljc0/sx325 XXX
train/dr4/mljh0/sa1 XXX
train/dr4/mljh0/sa2 XXX
train/dr4/mljh0/si1324 XXX
train/dr4/mljh0/si1422 XXX
train/dr4/mljh0/si694 XXX
train/dr4/mljh0/sx154 XXX
train/dr4/mljh0/sx244 XXX
train/dr4/mljh0/sx334 XXX
train/dr4/mlsh0/sa1 XXX
train/dr4/mlsh0/sa2 XXX
train/dr4/mlsh0/si1417 XXX
train/dr4/mlsh0/si2047 XXX
train/dr4/mlsh0/si787 XXX
train/dr4/mlsh0/sx157 XXX
train/dr4/mlsh0/sx247 XXX
train/dr4/mlsh0/sx337 XXX
train/dr4/mmbs0/sa1 XXX
train/dr4/mmbs0/sa2 XXX
train/dr4/mmbs0/si1151 XXX
train/dr4/mmbs0/si1781 XXX
train/dr4/mmbs0/si521 XXX
train/dr4/mmbs0/sx161 XXX
train/dr4/mmbs0/sx251 XXX
train/dr4/mmbs0/sx341 XXX
train/dr4/mmdm0/sa1 XXX
train/dr4/mmdm0/sa2 XXX
train/dr4/mmdm0/si1311 XXX
train/dr4/mmdm0/si1941 XXX
train/dr4/mmdm0/si681 XXX
train/dr4/mmdm0/sx141 XXX
train/dr4/mmdm0/sx231 XXX
train/dr4/mmdm0/sx321 XXX
train/dr4/mmgc0/sa1 XXX
train/dr4/mmgc0/sa2 XXX
train/dr4/mmgc0/si1305 XXX
train/dr4/mmgc0/si1935 XXX
train/dr4/mmgc0/si2184 XXX
train/dr4/mmgc0/sx135 XXX
train/dr4/mmgc0/sx225 XXX
train/dr4/mmgc0/sx315 XXX
train/dr4/mnet0/sa1 XXX
train/dr4/mnet0/sa2 XXX
train/dr4/mnet0/si1446 XXX
train/dr4/mnet0/si2076 XXX
train/dr4/mnet0/si816 XXX
train/dr4/mnet0/sx186 XXX
train/dr4/mnet0/sx276 XXX
train/dr4/mnet0/sx366 XXX
train/dr4/mpeb0/sa1 XXX
train/dr4/mpeb0/sa2 XXX
train/dr4/mpeb0/si1034 XXX
train/dr4/mpeb0/si1860 XXX
train/dr4/mpeb0/si600 XXX
train/dr4/mpeb0/sx150 XXX
train/dr4/mpeb0/sx240 XXX
train/dr4/mpeb0/sx330 XXX
train/dr4/mprk0/sa1 XXX
train/dr4/mprk0/sa2 XXX
train/dr4/mprk0/si1097 XXX
train/dr4/mprk0/si1727 XXX
train/dr4/mprk0/si467 XXX
train/dr4/mprk0/sx107 XXX
train/dr4/mprk0/sx17 XXX
train/dr4/mprk0/sx197 XXX
train/dr4/mprt0/sa1 XXX
train/dr4/mprt0/sa2 XXX
train/dr4/mprt0/si1210 XXX
train/dr4/mprt0/si495 XXX
train/dr4/mprt0/si580 XXX
train/dr4/mprt0/sx130 XXX
train/dr4/mprt0/sx220 XXX
train/dr4/mprt0/sx310 XXX
train/dr4/mrab1/sa1 XXX
train/dr4/mrab1/sa2 XXX
train/dr4/mrab1/si1478 XXX
train/dr4/mrab1/si2108 XXX
train/dr4/mrab1/si848 XXX
train/dr4/mrab1/sx128 XXX
train/dr4/mrab1/sx218 XXX
train/dr4/mrab1/sx308 XXX
train/dr4/mrfl0/sa1 XXX
train/dr4/mrfl0/sa2 XXX
train/dr4/mrfl0/si1156 XXX
train/dr4/mrfl0/si1786 XXX
train/dr4/mrfl0/si526 XXX
train/dr4/mrfl0/sx166 XXX
train/dr4/mrfl0/sx256 XXX
train/dr4/mrfl0/sx346 XXX
train/dr4/mrgm0/sa1 XXX
train/dr4/mrgm0/sa2 XXX
train/dr4/mrgm0/si1162 XXX
train/dr4/mrgm0/si1792 XXX
train/dr4/mrgm0/si532 XXX
train/dr4/mrgm0/sx172 XXX
train/dr4/mrgm0/sx262 XXX
train/dr4/mrgm0/sx416 XXX
train/dr4/mrsp0/sa1 XXX
train/dr4/mrsp0/sa2 XXX
train/dr4/mrsp0/si1429 XXX
train/dr4/mrsp0/si2059 XXX
train/dr4/mrsp0/si799 XXX
train/dr4/mrsp0/sx169 XXX
train/dr4/mrsp0/sx196 XXX
train/dr4/mrsp0/sx259 XXX
train/dr4/msfh0/sa1 XXX
train/dr4/msfh0/sa2 XXX
train/dr4/msfh0/si1216 XXX
train/dr4/msfh0/si1738 XXX
train/dr4/msfh0/si586 XXX
train/dr4/msfh0/sx136 XXX
train/dr4/msfh0/sx226 XXX
train/dr4/msfh0/sx316 XXX
train/dr4/msmc0/sa1 XXX
train/dr4/msmc0/sa2 XXX
train/dr4/msmc0/si1907 XXX
train/dr4/msmc0/si509 XXX
train/dr4/msmc0/si647 XXX
train/dr4/msmc0/sx107 XXX
train/dr4/msmc0/sx17 XXX
train/dr4/msmc0/sx197 XXX
train/dr4/msms0/sa1 XXX
train/dr4/msms0/sa2 XXX
train/dr4/msms0/si1433 XXX
train/dr4/msms0/si2063 XXX
train/dr4/msms0/si803 XXX
train/dr4/msms0/sx173 XXX
train/dr4/msms0/sx263 XXX
train/dr4/msms0/sx353 XXX
train/dr4/msrg0/sa1 XXX
train/dr4/msrg0/sa2 XXX
train/dr4/msrg0/si1221 XXX
train/dr4/msrg0/si1851 XXX
train/dr4/msrg0/si591 XXX
train/dr4/msrg0/sx141 XXX
train/dr4/msrg0/sx231 XXX
train/dr4/msrg0/sx321 XXX
train/dr4/mstf0/sa1 XXX
train/dr4/mstf0/sa2 XXX
train/dr4/mstf0/si1396 XXX
train/dr4/mstf0/si766 XXX
train/dr4/mstf0/si852 XXX
train/dr4/mstf0/sx136 XXX
train/dr4/mstf0/sx226 XXX
train/dr4/mstf0/sx316 XXX
train/dr4/mtas0/sa1 XXX
train/dr4/mtas0/sa2 XXX
train/dr4/mtas0/si1385 XXX
train/dr4/mtas0/si2015 XXX
train/dr4/mtas0/si755 XXX
train/dr4/mtas0/sx125 XXX
train/dr4/mtas0/sx215 XXX
train/dr4/mtas0/sx305 XXX
train/dr4/mtqc0/sa1 XXX
train/dr4/mtqc0/sa2 XXX
train/dr4/mtqc0/si1441 XXX
train/dr4/mtqc0/si2071 XXX
train/dr4/mtqc0/si480 XXX
train/dr4/mtqc0/sx181 XXX
train/dr4/mtqc0/sx271 XXX
train/dr4/mtqc0/sx361 XXX
train/dr4/mtrc0/sa1 XXX
train/dr4/mtrc0/sa2 XXX
train/dr4/mtrc0/si1623 XXX
train/dr4/mtrc0/si589 XXX
train/dr4/mtrc0/si993 XXX
train/dr4/mtrc0/sx170 XXX
train/dr4/mtrc0/sx183 XXX
train/dr4/mtrc0/sx273 XXX
train/dr4/mtrt0/sa1 XXX
train/dr4/mtrt0/sa2 XXX
train/dr4/mtrt0/si1227 XXX
train/dr4/mtrt0/si1857 XXX
train/dr4/mtrt0/si597 XXX
train/dr4/mtrt0/sx147 XXX
train/dr4/mtrt0/sx237 XXX
train/dr4/mtrt0/sx254 XXX
train/dr5/fbjl0/sa1 XXX
train/dr5/fbjl0/sa2 XXX
train/dr5/fbjl0/si1552 XXX
train/dr5/fbjl0/si2182 XXX
train/dr5/fbjl0/si922 XXX
train/dr5/fbjl0/sx112 XXX
train/dr5/fbjl0/sx202 XXX
train/dr5/fbjl0/sx22 XXX
train/dr5/fbmh0/sa1 XXX
train/dr5/fbmh0/sa2 XXX
train/dr5/fbmh0/si1136 XXX
train/dr5/fbmh0/si1766 XXX
train/dr5/fbmh0/si970 XXX
train/dr5/fbmh0/sx146 XXX
train/dr5/fbmh0/sx236 XXX
train/dr5/fbmh0/sx326 XXX
train/dr5/fcdr1/sa1 XXX
train/dr5/fcdr1/sa2 XXX
train/dr5/fcdr1/si1186 XXX
train/dr5/fcdr1/si1816 XXX
train/dr5/fcdr1/si556 XXX
train/dr5/fcdr1/sx106 XXX
train/dr5/fcdr1/sx16 XXX
train/dr5/fcdr1/sx196 XXX
train/dr5/fdmy0/sa1 XXX
train/dr5/fdmy0/sa2 XXX
train/dr5/fdmy0/si1197 XXX
train/dr5/fdmy0/si567 XXX
train/dr5/fdmy0/si714 XXX
train/dr5/fdmy0/sx117 XXX
train/dr5/fdmy0/sx207 XXX
train/dr5/fdmy0/sx27 XXX
train/dr5/fdtd0/sa1 XXX
train/dr5/fdtd0/sa2 XXX
train/dr5/fdtd0/si1561 XXX
train/dr5/fdtd0/si2191 XXX
train/dr5/fdtd0/si931 XXX
train/dr5/fdtd0/sx121 XXX
train/dr5/fdtd0/sx211 XXX
train/dr5/fdtd0/sx301 XXX
train/dr5/fear0/sa1 XXX
train/dr5/fear0/sa2 XXX
train/dr5/fear0/si1252 XXX
train/dr5/fear0/si1882 XXX
train/dr5/fear0/si622 XXX
train/dr5/fear0/sx172 XXX
train/dr5/fear0/sx262 XXX
train/dr5/fear0/sx352 XXX
train/dr5/fexm0/sa1 XXX
train/dr5/fexm0/sa2 XXX
train/dr5/fexm0/si1101 XXX
train/dr5/fexm0/si1731 XXX
train/dr5/fexm0/si482 XXX
train/dr5/fexm0/sx111 XXX
train/dr5/fexm0/sx201 XXX
train/dr5/fexm0/sx291 XXX
train/dr5/fgdp0/sa1 XXX
train/dr5/fgdp0/sa2 XXX
train/dr5/fgdp0/si1618 XXX
train/dr5/fgdp0/si2248 XXX
train/dr5/fgdp0/si988 XXX
train/dr5/fgdp0/sx178 XXX
train/dr5/fgdp0/sx268 XXX
train/dr5/fgdp0/sx358 XXX
train/dr5/fgmb0/sa1 XXX
train/dr5/fgmb0/sa2 XXX
train/dr5/fgmb0/si1145 XXX
train/dr5/fgmb0/si1775 XXX
train/dr5/fgmb0/si515 XXX
train/dr5/fgmb0/sx155 XXX
train/dr5/fgmb0/sx245 XXX
train/dr5/fgmb0/sx335 XXX
train/dr5/fjxm0/sa1 XXX
train/dr5/fjxm0/sa2 XXX
train/dr5/fjxm0/si1211 XXX
train/dr5/fjxm0/si1971 XXX
train/dr5/fjxm0/si581 XXX
train/dr5/fjxm0/sx131 XXX
train/dr5/fjxm0/sx221 XXX
train/dr5/fjxm0/sx311 XXX
train/dr5/fkkh0/sa1 XXX
train/dr5/fkkh0/sa2 XXX
train/dr5/fkkh0/si1290 XXX
train/dr5/fkkh0/si1920 XXX
train/dr5/fkkh0/si660 XXX
train/dr5/fkkh0/sx120 XXX
train/dr5/fkkh0/sx210 XXX
train/dr5/fkkh0/sx30 XXX
train/dr5/flja0/sa1 XXX
train/dr5/flja0/sa2 XXX
train/dr5/flja0/si1078 XXX
train/dr5/flja0/si1708 XXX
train/dr5/flja0/si2338 XXX
train/dr5/flja0/sx178 XXX
train/dr5/flja0/sx268 XXX
train/dr5/flja0/sx358 XXX
train/dr5/fljg0/sa1 XXX
train/dr5/fljg0/sa2 XXX
train/dr5/fljg0/si1611 XXX
train/dr5/fljg0/si2241 XXX
train/dr5/fljg0/si981 XXX
train/dr5/fljg0/sx171 XXX
train/dr5/fljg0/sx261 XXX
train/dr5/fljg0/sx351 XXX
train/dr5/flmk0/sa1 XXX
train/dr5/flmk0/sa2 XXX
train/dr5/flmk0/si1035 XXX
train/dr5/flmk0/si1229 XXX
train/dr5/flmk0/si2295 XXX
train/dr5/flmk0/sx135 XXX
train/dr5/flmk0/sx225 XXX
train/dr5/flmk0/sx315 XXX
train/dr5/flod0/sa1 XXX
train/dr5/flod0/sa2 XXX
train/dr5/flod0/si1287 XXX
train/dr5/flod0/si1917 XXX
train/dr5/flod0/si657 XXX
train/dr5/flod0/sx117 XXX
train/dr5/flod0/sx171 XXX
train/dr5/flod0/sx207 XXX
train/dr5/fmpg0/sa1 XXX
train/dr5/fmpg0/sa2 XXX
train/dr5/fmpg0/si1602 XXX
train/dr5/fmpg0/si2232 XXX
train/dr5/fmpg0/si972 XXX
train/dr5/fmpg0/sx162 XXX
train/dr5/fmpg0/sx252 XXX
train/dr5/fmpg0/sx342 XXX
train/dr5/fpmy0/sa1 XXX
train/dr5/fpmy0/sa2 XXX
train/dr5/fpmy0/si1153 XXX
train/dr5/fpmy0/si1783 XXX
train/dr5/fpmy0/si523 XXX
train/dr5/fpmy0/sx163 XXX
train/dr5/fpmy0/sx196 XXX
train/dr5/fpmy0/sx253 XXX
train/dr5/fsag0/sa1 XXX
train/dr5/fsag0/sa2 XXX
train/dr5/fsag0/si1323 XXX
train/dr5/fsag0/si1953 XXX
train/dr5/fsag0/si693 XXX
train/dr5/fsag0/sx153 XXX
train/dr5/fsag0/sx243 XXX
train/dr5/fsag0/sx333 XXX
train/dr5/fsdc0/sa1 XXX
train/dr5/fsdc0/sa2 XXX
train/dr5/fsdc0/si1312 XXX
train/dr5/fsdc0/si1942 XXX
train/dr5/fsdc0/si2234 XXX
train/dr5/fsdc0/sx142 XXX
train/dr5/fsdc0/sx232 XXX
train/dr5/fsdc0/sx322 XXX
train/dr5/fsjg0/sa1 XXX
train/dr5/fsjg0/sa2 XXX
train/dr5/fsjg0/si1570 XXX
train/dr5/fsjg0/si2200 XXX
train/dr5/fsjg0/si940 XXX
train/dr5/fsjg0/sx130 XXX
train/dr5/fsjg0/sx220 XXX
train/dr5/fsjg0/sx310 XXX
train/dr5/fskp0/sa1 XXX
train/dr5/fskp0/sa2 XXX
train/dr5/fskp0/si1098 XXX
train/dr5/fskp0/si1728 XXX
train/dr5/fskp0/si468 XXX
train/dr5/fskp0/sx108 XXX
train/dr5/fskp0/sx18 XXX
train/dr5/fskp0/sx198 XXX
train/dr5/fsmm0/sa1 XXX
train/dr5/fsmm0/sa2 XXX
train/dr5/fsmm0/si1314 XXX
train/dr5/fsmm0/si1944 XXX
train/dr5/fsmm0/si684 XXX
train/dr5/fsmm0/sx144 XXX
train/dr5/fsmm0/sx234 XXX
train/dr5/fsmm0/sx324 XXX
train/dr5/fsms1/sa1 XXX
train/dr5/fsms1/sa2 XXX
train/dr5/fsms1/si1504 XXX
train/dr5/fsms1/si2134 XXX
train/dr5/fsms1/si874 XXX
train/dr5/fsms1/sx154 XXX
train/dr5/fsms1/sx244 XXX
train/dr5/fsms1/sx334 XXX
train/dr5/ftbw0/sa1 XXX
train/dr5/ftbw0/sa2 XXX
train/dr5/ftbw0/si1345 XXX
train/dr5/ftbw0/si1975 XXX
train/dr5/ftbw0/si715 XXX
train/dr5/ftbw0/sx175 XXX
train/dr5/ftbw0/sx265 XXX
train/dr5/ftbw0/sx355 XXX
train/dr5/ftlg0/sa1 XXX
train/dr5/ftlg0/sa2 XXX
train/dr5/ftlg0/si1743 XXX
train/dr5/ftlg0/si483 XXX
train/dr5/ftlg0/si840 XXX
train/dr5/ftlg0/sx123 XXX
train/dr5/ftlg0/sx213 XXX
train/dr5/ftlg0/sx303 XXX
train/dr5/mbgt0/sa1 XXX
train/dr5/mbgt0/sa2 XXX
train/dr5/mbgt0/si1341 XXX
train/dr5/mbgt0/si1841 XXX
train/dr5/mbgt0/si711 XXX
train/dr5/mbgt0/sx171 XXX
train/dr5/mbgt0/sx261 XXX
train/dr5/mbgt0/sx351 XXX
train/dr5/mchl0/sa1 XXX
train/dr5/mchl0/sa2 XXX
train/dr5/mchl0/si1347 XXX
train/dr5/mchl0/si1404 XXX
train/dr5/mchl0/si1977 XXX
train/dr5/mchl0/sx177 XXX
train/dr5/mchl0/sx267 XXX
train/dr5/mchl0/sx357 XXX
train/dr5/mclm0/sa1 XXX
train/dr5/mclm0/sa2 XXX
train/dr5/mclm0/si1456 XXX
train/dr5/mclm0/si2086 XXX
train/dr5/mclm0/si826 XXX
train/dr5/mclm0/sx106 XXX
train/dr5/mclm0/sx16 XXX
train/dr5/mclm0/sx196 XXX
train/dr5/mdas0/sa1 XXX
train/dr5/mdas0/sa2 XXX
train/dr5/mdas0/si1266 XXX
train/dr5/mdas0/si1896 XXX
train/dr5/mdas0/si636 XXX
train/dr5/mdas0/sx186 XXX
train/dr5/mdas0/sx21 XXX
train/dr5/mdas0/sx276 XXX
train/dr5/mdhl0/sa1 XXX
train/dr5/mdhl0/sa2 XXX
train/dr5/mdhl0/si1439 XXX
train/dr5/mdhl0/si2069 XXX
train/dr5/mdhl0/si809 XXX
train/dr5/mdhl0/sx179 XXX
train/dr5/mdhl0/sx269 XXX
train/dr5/mdhl0/sx359 XXX
train/dr5/mdsj0/sa1 XXX
train/dr5/mdsj0/sa2 XXX
train/dr5/mdsj0/si1462 XXX
train/dr5/mdsj0/si2092 XXX
train/dr5/mdsj0/si832 XXX
train/dr5/mdsj0/sx112 XXX
train/dr5/mdsj0/sx22 XXX
train/dr5/mdsj0/sx292 XXX
train/dr5/mdwh0/sa1 XXX
train/dr5/mdwh0/sa2 XXX
train/dr5/mdwh0/si1168 XXX
train/dr5/mdwh0/si1925 XXX
train/dr5/mdwh0/si665 XXX
train/dr5/mdwh0/sx125 XXX
train/dr5/mdwh0/sx215 XXX
train/dr5/mdwh0/sx305 XXX
train/dr5/megj0/sa1 XXX
train/dr5/megj0/sa2 XXX
train/dr5/megj0/si1337 XXX
train/dr5/megj0/si1967 XXX
train/dr5/megj0/si707 XXX
train/dr5/megj0/sx167 XXX
train/dr5/megj0/sx257 XXX
train/dr5/megj0/sx3 XXX
train/dr5/mewm0/sa1 XXX
train/dr5/mewm0/sa2 XXX
train/dr5/mewm0/si1348 XXX
train/dr5/mewm0/si1978 XXX
train/dr5/mewm0/si718 XXX
train/dr5/mewm0/sx178 XXX
train/dr5/mewm0/sx268 XXX
train/dr5/mewm0/sx358 XXX
train/dr5/mfer0/sa1 XXX
train/dr5/mfer0/sa2 XXX
train/dr5/mfer0/si1492 XXX
train/dr5/mfer0/si2122 XXX
train/dr5/mfer0/si862 XXX
train/dr5/mfer0/sx142 XXX
train/dr5/mfer0/sx232 XXX
train/dr5/mfer0/sx322 XXX
train/dr5/mges0/sa1 XXX
train/dr5/mges0/sa2 XXX
train/dr5/mges0/si1481 XXX
train/dr5/mges0/si2111 XXX
train/dr5/mges0/si851 XXX
train/dr5/mges0/sx131 XXX
train/dr5/mges0/sx221 XXX
train/dr5/mges0/sx311 XXX
train/dr5/mgsh0/sa1 XXX
train/dr5/mgsh0/sa2 XXX
train/dr5/mgsh0/si1176 XXX
train/dr5/mgsh0/si1806 XXX
train/dr5/mgsh0/si546 XXX
train/dr5/mgsh0/sx127 XXX
train/dr5/mgsh0/sx186 XXX
train/dr5/mgsh0/sx276 XXX
train/dr5/mhit0/sa1 XXX
train/dr5/mhit0/sa2 XXX
train/dr5/mhit0/si1613 XXX
train/dr5/mhit0/si2243 XXX
train/dr5/mhit0/si983 XXX
train/dr5/mhit0/sx173 XXX
train/dr5/mhit0/sx263 XXX
train/dr5/mhit0/sx353 XXX
train/dr5/mhmg0/sa1 XXX
train/dr5/mhmg0/sa2 XXX
train/dr5/mhmg0/si1365 XXX
train/dr5/mhmg0/si1995 XXX
train/dr5/mhmg0/si735 XXX
train/dr5/mhmg0/sx105 XXX
train/dr5/mhmg0/sx15 XXX
train/dr5/mhmg0/sx195 XXX
train/dr5/mjdm0/sa1 XXX
train/dr5/mjdm0/sa2 XXX
train/dr5/mjdm0/si1340 XXX
train/dr5/mjdm0/si1937 XXX
train/dr5/mjdm0/si974 XXX
train/dr5/mjdm0/sx170 XXX
train/dr5/mjdm0/sx260 XXX
train/dr5/mjdm0/sx350 XXX
train/dr5/mjfh0/sa1 XXX
train/dr5/mjfh0/sa2 XXX
train/dr5/mjfh0/si1107 XXX
train/dr5/mjfh0/si1737 XXX
train/dr5/mjfh0/si477 XXX
train/dr5/mjfh0/sx117 XXX
train/dr5/mjfh0/sx207 XXX
train/dr5/mjfh0/sx27 XXX
train/dr5/mjpg0/sa1 XXX
train/dr5/mjpg0/sa2 XXX
train/dr5/mjpg0/si1191 XXX
train/dr5/mjpg0/si1821 XXX
train/dr5/mjpg0/si561 XXX
train/dr5/mjpg0/sx111 XXX
train/dr5/mjpg0/sx201 XXX
train/dr5/mjpg0/sx21 XXX
train/dr5/mjrg0/sa1 XXX
train/dr5/mjrg0/sa2 XXX
train/dr5/mjrg0/si1366 XXX
train/dr5/mjrg0/si1996 XXX
train/dr5/mjrg0/si736 XXX
train/dr5/mjrg0/sx106 XXX
train/dr5/mjrg0/sx16 XXX
train/dr5/mjrg0/sx286 XXX
train/dr5/mjwg0/sa1 XXX
train/dr5/mjwg0/sa2 XXX
train/dr5/mjwg0/si2155 XXX
train/dr5/mjwg0/si813 XXX
train/dr5/mjwg0/si895 XXX
train/dr5/mjwg0/sx175 XXX
train/dr5/mjwg0/sx265 XXX
train/dr5/mjwg0/sx355 XXX
train/dr5/mjxa0/sa1 XXX
train/dr5/mjxa0/sa2 XXX
train/dr5/mjxa0/si1507 XXX
train/dr5/mjxa0/si2137 XXX
train/dr5/mjxa0/si877 XXX
train/dr5/mjxa0/sx157 XXX
train/dr5/mjxa0/sx247 XXX
train/dr5/mjxa0/sx337 XXX
train/dr5/mmab1/sa1 XXX
train/dr5/mmab1/sa2 XXX
train/dr5/mmab1/si1494 XXX
train/dr5/mmab1/si2124 XXX
train/dr5/mmab1/si864 XXX
train/dr5/mmab1/sx144 XXX
train/dr5/mmab1/sx234 XXX
train/dr5/mmab1/sx324 XXX
train/dr5/mmcc0/sa1 XXX
train/dr5/mmcc0/sa2 XXX
train/dr5/mmcc0/si1338 XXX
train/dr5/mmcc0/si1968 XXX
train/dr5/mmcc0/si708 XXX
train/dr5/mmcc0/sx168 XXX
train/dr5/mmcc0/sx258 XXX
train/dr5/mmcc0/sx348 XXX
train/dr5/mmdm1/sa1 XXX
train/dr5/mmdm1/sa2 XXX
train/dr5/mmdm1/si1650 XXX
train/dr5/mmdm1/si2043 XXX
train/dr5/mmdm1/si783 XXX
train/dr5/mmdm1/sx153 XXX
train/dr5/mmdm1/sx243 XXX
train/dr5/mmdm1/sx333 XXX
train/dr5/mmvp0/sa1 XXX
train/dr5/mmvp0/sa2 XXX
train/dr5/mmvp0/si1284 XXX
train/dr5/mmvp0/si1914 XXX
train/dr5/mmvp0/si654 XXX
train/dr5/mmvp0/sx114 XXX
train/dr5/mmvp0/sx204 XXX
train/dr5/mmvp0/sx294 XXX
train/dr5/mmwb0/sa1 XXX
train/dr5/mmwb0/sa2 XXX
train/dr5/mmwb0/si1619 XXX
train/dr5/mmwb0/si2249 XXX
train/dr5/mmwb0/si989 XXX
train/dr5/mmwb0/sx179 XXX
train/dr5/mmwb0/sx269 XXX
train/dr5/mmwb0/sx359 XXX
train/dr5/mpmb0/sa1 XXX
train/dr5/mpmb0/sa2 XXX
train/dr5/mpmb0/si1501 XXX
train/dr5/mpmb0/si2131 XXX
train/dr5/mpmb0/si871 XXX
train/dr5/mpmb0/sx151 XXX
train/dr5/mpmb0/sx241 XXX
train/dr5/mpmb0/sx331 XXX
train/dr5/mram0/sa1 XXX
train/dr5/mram0/sa2 XXX
train/dr5/mram0/si1275 XXX
train/dr5/mram0/si1905 XXX
train/dr5/mram0/si1951 XXX
train/dr5/mram0/sx105 XXX
train/dr5/mram0/sx15 XXX
train/dr5/mram0/sx195 XXX
train/dr5/mrav0/sa1 XXX
train/dr5/mrav0/sa2 XXX
train/dr5/mrav0/si1008 XXX
train/dr5/mrav0/si1638 XXX
train/dr5/mrav0/si2268 XXX
train/dr5/mrav0/sx108 XXX
train/dr5/mrav0/sx18 XXX
train/dr5/mrav0/sx198 XXX
train/dr5/mrew1/sa1 XXX
train/dr5/mrew1/sa2 XXX
train/dr5/mrew1/si1500 XXX
train/dr5/mrew1/si2130 XXX
train/dr5/mrew1/si870 XXX
train/dr5/mrew1/sx150 XXX
train/dr5/mrew1/sx240 XXX
train/dr5/mrew1/sx330 XXX
train/dr5/mrkm0/sa1 XXX
train/dr5/mrkm0/sa2 XXX
train/dr5/mrkm0/si1267 XXX
train/dr5/mrkm0/si1391 XXX
train/dr5/mrkm0/si637 XXX
train/dr5/mrkm0/sx187 XXX
train/dr5/mrkm0/sx277 XXX
train/dr5/mrkm0/sx367 XXX
train/dr5/mrld0/sa1 XXX
train/dr5/mrld0/sa2 XXX
train/dr5/mrld0/si1594 XXX
train/dr5/mrld0/si2224 XXX
train/dr5/mrld0/si964 XXX
train/dr5/mrld0/sx154 XXX
train/dr5/mrld0/sx244 XXX
train/dr5/mrld0/sx334 XXX
train/dr5/mrml0/sa1 XXX
train/dr5/mrml0/sa2 XXX
train/dr5/mrml0/si1421 XXX
train/dr5/mrml0/si2051 XXX
train/dr5/mrml0/si791 XXX
train/dr5/mrml0/sx161 XXX
train/dr5/mrml0/sx251 XXX
train/dr5/mrml0/sx341 XXX
train/dr5/mrvg0/sa1 XXX
train/dr5/mrvg0/sa2 XXX
train/dr5/mrvg0/si1140 XXX
train/dr5/mrvg0/si1770 XXX
train/dr5/mrvg0/si510 XXX
train/dr5/mrvg0/sx150 XXX
train/dr5/mrvg0/sx240 XXX
train/dr5/mrvg0/sx330 XXX
train/dr5/msas0/sa1 XXX
train/dr5/msas0/sa2 XXX
train/dr5/msas0/si1376 XXX
train/dr5/msas0/si2006 XXX
train/dr5/msas0/si746 XXX
train/dr5/msas0/sx116 XXX
train/dr5/msas0/sx206 XXX
train/dr5/msas0/sx26 XXX
train/dr5/msdh0/sa1 XXX
train/dr5/msdh0/sa2 XXX
train/dr5/msdh0/si2113 XXX
train/dr5/msdh0/si2240 XXX
train/dr5/msdh0/si980 XXX
train/dr5/msdh0/sx170 XXX
train/dr5/msdh0/sx260 XXX
train/dr5/msdh0/sx350 XXX
train/dr5/msem1/sa1 XXX
train/dr5/msem1/sa2 XXX
train/dr5/msem1/si1440 XXX
train/dr5/msem1/si2070 XXX
train/dr5/msem1/si810 XXX
train/dr5/msem1/sx180 XXX
train/dr5/msem1/sx270 XXX
train/dr5/msem1/sx360 XXX
train/dr5/msrr0/sa1 XXX
train/dr5/msrr0/sa2 XXX
train/dr5/msrr0/si1131 XXX
train/dr5/msrr0/si1761 XXX
train/dr5/msrr0/si501 XXX
train/dr5/msrr0/sx141 XXX
train/dr5/msrr0/sx231 XXX
train/dr5/msrr0/sx30 XXX
train/dr5/mtat0/sa1 XXX
train/dr5/mtat0/sa2 XXX
train/dr5/mtat0/si1110 XXX
train/dr5/mtat0/si1740 XXX
train/dr5/mtat0/si811 XXX
train/dr5/mtat0/sx120 XXX
train/dr5/mtat0/sx210 XXX
train/dr5/mtat0/sx30 XXX
train/dr5/mtdp0/sa1 XXX
train/dr5/mtdp0/sa2 XXX
train/dr5/mtdp0/si1274 XXX
train/dr5/mtdp0/si1521 XXX
train/dr5/mtdp0/si2151 XXX
train/dr5/mtdp0/sx171 XXX
train/dr5/mtdp0/sx261 XXX
train/dr5/mtdp0/sx351 XXX
train/dr5/mtmt0/sa1 XXX
train/dr5/mtmt0/sa2 XXX
train/dr5/mtmt0/si1118 XXX
train/dr5/mtmt0/si1748 XXX
train/dr5/mtmt0/si488 XXX
train/dr5/mtmt0/sx128 XXX
train/dr5/mtmt0/sx218 XXX
train/dr5/mtmt0/sx308 XXX
train/dr5/mvlo0/sa1 XXX
train/dr5/mvlo0/sa2 XXX
train/dr5/mvlo0/si1147 XXX
train/dr5/mvlo0/si1777 XXX
train/dr5/mvlo0/si517 XXX
train/dr5/mvlo0/sx157 XXX
train/dr5/mvlo0/sx247 XXX
train/dr5/mvlo0/sx337 XXX
train/dr5/mwac0/sa1 XXX
train/dr5/mwac0/sa2 XXX
train/dr5/mwac0/si1601 XXX
train/dr5/mwac0/si2231 XXX
train/dr5/mwac0/si971 XXX
train/dr5/mwac0/sx161 XXX
train/dr5/mwac0/sx251 XXX
train/dr5/mwac0/sx341 XXX
train/dr5/mwch0/sa1 XXX
train/dr5/mwch0/sa2 XXX
train/dr5/mwch0/si1622 XXX
train/dr5/mwch0/si1895 XXX
train/dr5/mwch0/si2252 XXX
train/dr5/mwch0/sx182 XXX
train/dr5/mwch0/sx272 XXX
train/dr5/mwch0/sx362 XXX
train/dr5/mwem0/sa1 XXX
train/dr5/mwem0/sa2 XXX
train/dr5/mwem0/si1320 XXX
train/dr5/mwem0/si1393 XXX
train/dr5/mwem0/si1950 XXX
train/dr5/mwem0/sx150 XXX
train/dr5/mwem0/sx240 XXX
train/dr5/mwem0/sx330 XXX
train/dr5/mwsh0/sa1 XXX
train/dr5/mwsh0/sa2 XXX
train/dr5/mwsh0/si1426 XXX
train/dr5/mwsh0/si2266 XXX
train/dr5/mwsh0/si796 XXX
train/dr5/mwsh0/sx166 XXX
train/dr5/mwsh0/sx256 XXX
train/dr5/mwsh0/sx346 XXX
train/dr6/fapb0/sa1 XXX
train/dr6/fapb0/sa2 XXX
train/dr6/fapb0/si1063 XXX
train/dr6/fapb0/si1693 XXX
train/dr6/fapb0/si2323 XXX
train/dr6/fapb0/sx163 XXX
train/dr6/fapb0/sx253 XXX
train/dr6/fapb0/sx343 XXX
train/dr6/fbch0/sa1 XXX
train/dr6/fbch0/sa2 XXX
train/dr6/fbch0/si1586 XXX
train/dr6/fbch0/si956 XXX
train/dr6/fbch0/si959 XXX
train/dr6/fbch0/sx146 XXX
train/dr6/fbch0/sx236 XXX
train/dr6/fbch0/sx326 XXX
train/dr6/fhxs0/sa1 XXX
train/dr6/fhxs0/sa2 XXX
train/dr6/fhxs0/si1075 XXX
train/dr6/fhxs0/si2302 XXX
train/dr6/fhxs0/si2335 XXX
train/dr6/fhxs0/sx175 XXX
train/dr6/fhxs0/sx265 XXX
train/dr6/fhxs0/sx355 XXX
train/dr6/fjdm2/sa1 XXX
train/dr6/fjdm2/sa2 XXX
train/dr6/fjdm2/si1582 XXX
train/dr6/fjdm2/si1964 XXX
train/dr6/fjdm2/si2212 XXX
train/dr6/fjdm2/sx142 XXX
train/dr6/fjdm2/sx232 XXX
train/dr6/fjdm2/sx322 XXX
train/dr6/fklc1/sa1 XXX
train/dr6/fklc1/sa2 XXX
train/dr6/fklc1/si1048 XXX
train/dr6/fklc1/si1678 XXX
train/dr6/fklc1/si2308 XXX
train/dr6/fklc1/sx148 XXX
train/dr6/fklc1/sx238 XXX
train/dr6/fklc1/sx328 XXX
train/dr6/flag0/sa1 XXX
train/dr6/flag0/sa2 XXX
train/dr6/flag0/si1464 XXX
train/dr6/flag0/si2094 XXX
train/dr6/flag0/si834 XXX
train/dr6/flag0/sx114 XXX
train/dr6/flag0/sx204 XXX
train/dr6/flag0/sx24 XXX
train/dr6/fmju0/sa1 XXX
train/dr6/fmju0/sa2 XXX
train/dr6/fmju0/si1389 XXX
train/dr6/fmju0/si2019 XXX
train/dr6/fmju0/si759 XXX
train/dr6/fmju0/sx129 XXX
train/dr6/fmju0/sx219 XXX
train/dr6/fmju0/sx309 XXX
train/dr6/fpad0/sa1 XXX
train/dr6/fpad0/sa2 XXX
train/dr6/fpad0/si1346 XXX
train/dr6/fpad0/si1976 XXX
train/dr6/fpad0/si716 XXX
train/dr6/fpad0/sx176 XXX
train/dr6/fpad0/sx266 XXX
train/dr6/fpad0/sx356 XXX
train/dr6/frjb0/sa1 XXX
train/dr6/frjb0/sa2 XXX
train/dr6/frjb0/si1427 XXX
train/dr6/frjb0/si1470 XXX
train/dr6/frjb0/si1794 XXX
train/dr6/frjb0/sx167 XXX
train/dr6/frjb0/sx257 XXX
train/dr6/frjb0/sx347 XXX
train/dr6/fsbk0/sa1 XXX
train/dr6/fsbk0/sa2 XXX
train/dr6/fsbk0/si1069 XXX
train/dr6/fsbk0/si1699 XXX
train/dr6/fsbk0/si2329 XXX
train/dr6/fsbk0/sx169 XXX
train/dr6/fsbk0/sx259 XXX
train/dr6/fsbk0/sx349 XXX
train/dr6/fsdj0/sa1 XXX
train/dr6/fsdj0/sa2 XXX
train/dr6/fsdj0/si1115 XXX
train/dr6/fsdj0/si1745 XXX
train/dr6/fsdj0/si485 XXX
train/dr6/fsdj0/sx125 XXX
train/dr6/fsdj0/sx215 XXX
train/dr6/fsdj0/sx305 XXX
train/dr6/fsgf0/sa1 XXX
train/dr6/fsgf0/sa2 XXX
train/dr6/fsgf0/si1557 XXX
train/dr6/fsgf0/si2187 XXX
train/dr6/fsgf0/si927 XXX
train/dr6/fsgf0/sx117 XXX
train/dr6/fsgf0/sx207 XXX
train/dr6/fsgf0/sx27 XXX
train/dr6/ftaj0/sa1 XXX
train/dr6/ftaj0/sa2 XXX
train/dr6/ftaj0/si1329 XXX
train/dr6/ftaj0/si474 XXX
train/dr6/ftaj0/si699 XXX
train/dr6/ftaj0/sx159 XXX
train/dr6/ftaj0/sx249 XXX
train/dr6/ftaj0/sx339 XXX
train/dr6/mabc0/sa1 XXX
train/dr6/mabc0/sa2 XXX
train/dr6/mabc0/si1620 XXX
train/dr6/mabc0/si2041 XXX
train/dr6/mabc0/si781 XXX
train/dr6/mabc0/sx151 XXX
train/dr6/mabc0/sx241 XXX
train/dr6/mabc0/sx331 XXX
train/dr6/majp0/sa1 XXX
train/dr6/majp0/sa2 XXX
train/dr6/majp0/si1074 XXX
train/dr6/majp0/si1704 XXX
train/dr6/majp0/si2334 XXX
train/dr6/majp0/sx174 XXX
train/dr6/majp0/sx264 XXX
train/dr6/majp0/sx354 XXX
train/dr6/mbma1/sa1 XXX
train/dr6/mbma1/sa2 XXX
train/dr6/mbma1/si2207 XXX
train/dr6/mbma1/si2214 XXX
train/dr6/mbma1/si954 XXX
train/dr6/mbma1/sx144 XXX
train/dr6/mbma1/sx234 XXX
train/dr6/mbma1/sx324 XXX
train/dr6/mcae0/sa1 XXX
train/dr6/mcae0/sa2 XXX
train/dr6/mcae0/si1447 XXX
train/dr6/mcae0/si2077 XXX
train/dr6/mcae0/si817 XXX
train/dr6/mcae0/sx187 XXX
train/dr6/mcae0/sx277 XXX
train/dr6/mcae0/sx367 XXX
train/dr6/mdrd0/sa1 XXX
train/dr6/mdrd0/sa2 XXX
train/dr6/mdrd0/si1382 XXX
train/dr6/mdrd0/si2012 XXX
train/dr6/mdrd0/si752 XXX
train/dr6/mdrd0/sx122 XXX
train/dr6/mdrd0/sx212 XXX
train/dr6/mdrd0/sx302 XXX
train/dr6/meal0/sa1 XXX
train/dr6/meal0/sa2 XXX
train/dr6/meal0/si1547 XXX
train/dr6/meal0/si2177 XXX
train/dr6/meal0/si917 XXX
train/dr6/meal0/sx107 XXX
train/dr6/meal0/sx197 XXX
train/dr6/meal0/sx287 XXX
train/dr6/mejl0/sa1 XXX
train/dr6/mejl0/sa2 XXX
train/dr6/mejl0/si1592 XXX
train/dr6/mejl0/si1654 XXX
train/dr6/mejl0/si962 XXX
train/dr6/mejl0/sx152 XXX
train/dr6/mejl0/sx242 XXX
train/dr6/mejl0/sx332 XXX
train/dr6/mesj0/sa1 XXX
train/dr6/mesj0/sa2 XXX
train/dr6/mesj0/si2039 XXX
train/dr6/mesj0/si2257 XXX
train/dr6/mesj0/si997 XXX
train/dr6/mesj0/sx187 XXX
train/dr6/mesj0/sx277 XXX
train/dr6/mesj0/sx367 XXX
train/dr6/mjrk0/sa1 XXX
train/dr6/mjrk0/sa2 XXX
train/dr6/mjrk0/si1662 XXX
train/dr6/mjrk0/si2103 XXX
train/dr6/mjrk0/si880 XXX
train/dr6/mjrk0/sx160 XXX
train/dr6/mjrk0/sx250 XXX
train/dr6/mjrk0/sx340 XXX
train/dr6/mkes0/sa1 XXX
train/dr6/mkes0/sa2 XXX
train/dr6/mkes0/si1253 XXX
train/dr6/mkes0/si1883 XXX
train/dr6/mkes0/si623 XXX
train/dr6/mkes0/sx173 XXX
train/dr6/mkes0/sx263 XXX
train/dr6/mkes0/sx353 XXX
train/dr6/mkln0/sa1 XXX
train/dr6/mkln0/sa2 XXX
train/dr6/mkln0/si1598 XXX
train/dr6/mkln0/si2228 XXX
train/dr6/mkln0/si968 XXX
train/dr6/mkln0/sx158 XXX
train/dr6/mkln0/sx248 XXX
train/dr6/mkln0/sx338 XXX
train/dr6/mmdb0/sa1 XXX
train/dr6/mmdb0/sa2 XXX
train/dr6/mmdb0/si1358 XXX
train/dr6/mmdb0/si1617 XXX
train/dr6/mmdb0/si987 XXX
train/dr6/mmdb0/sx177 XXX
train/dr6/mmdb0/sx267 XXX
train/dr6/mmdb0/sx357 XXX
train/dr6/mpgr1/sa1 XXX
train/dr6/mpgr1/sa2 XXX
train/dr6/mpgr1/si1269 XXX
train/dr6/mpgr1/si1499 XXX
train/dr6/mpgr1/si2129 XXX
train/dr6/mpgr1/sx149 XXX
train/dr6/mpgr1/sx239 XXX
train/dr6/mpgr1/sx329 XXX
train/dr6/mrmb0/sa1 XXX
train/dr6/mrmb0/sa2 XXX
train/dr6/mrmb0/si1581 XXX
train/dr6/mrmb0/si2211 XXX
train/dr6/mrmb0/si951 XXX
train/dr6/mrmb0/sx141 XXX
train/dr6/mrmb0/sx231 XXX
train/dr6/mrmb0/sx321 XXX
train/dr6/mrxb0/sa1 XXX
train/dr6/mrxb0/sa2 XXX
train/dr6/mrxb0/si1585 XXX
train/dr6/mrxb0/si2215 XXX
train/dr6/mrxb0/si955 XXX
train/dr6/mrxb0/sx145 XXX
train/dr6/mrxb0/sx235 XXX
train/dr6/mrxb0/sx325 XXX
train/dr6/msat1/sa1 XXX
train/dr6/msat1/sa2 XXX
train/dr6/msat1/si1073 XXX
train/dr6/msat1/si1703 XXX
train/dr6/msat1/si2333 XXX
train/dr6/msat1/sx173 XXX
train/dr6/msat1/sx263 XXX
train/dr6/msat1/sx353 XXX
train/dr6/msds0/sa1 XXX
train/dr6/msds0/sa2 XXX
train/dr6/msds0/si1077 XXX
train/dr6/msds0/si1707 XXX
train/dr6/msds0/si2337 XXX
train/dr6/msds0/sx177 XXX
train/dr6/msds0/sx267 XXX
train/dr6/msds0/sx357 XXX
train/dr6/msjk0/sa1 XXX
train/dr6/msjk0/sa2 XXX
train/dr6/msjk0/si1596 XXX
train/dr6/msjk0/si2226 XXX
train/dr6/msjk0/si966 XXX
train/dr6/msjk0/sx156 XXX
train/dr6/msjk0/sx246 XXX
train/dr6/msjk0/sx336 XXX
train/dr6/msmr0/sa1 XXX
train/dr6/msmr0/sa2 XXX
train/dr6/msmr0/si1150 XXX
train/dr6/msmr0/si1405 XXX
train/dr6/msmr0/si775 XXX
train/dr6/msmr0/sx145 XXX
train/dr6/msmr0/sx235 XXX
train/dr6/msmr0/sx325 XXX
train/dr6/msvs0/sa1 XXX
train/dr6/msvs0/sa2 XXX
train/dr6/msvs0/si1568 XXX
train/dr6/msvs0/si2198 XXX
train/dr6/msvs0/si938 XXX
train/dr6/msvs0/sx128 XXX
train/dr6/msvs0/sx218 XXX
train/dr6/msvs0/sx308 XXX
train/dr6/mtju0/sa1 XXX
train/dr6/mtju0/sa2 XXX
train/dr6/mtju0/si2020 XXX
train/dr6/mtju0/si2269 XXX
train/dr6/mtju0/si760 XXX
train/dr6/mtju0/sx130 XXX
train/dr6/mtju0/sx220 XXX
train/dr6/mtju0/sx310 XXX
train/dr6/mtxs0/sa1 XXX
train/dr6/mtxs0/sa2 XXX
train/dr6/mtxs0/si1060 XXX
train/dr6/mtxs0/si1690 XXX
train/dr6/mtxs0/si2320 XXX
train/dr6/mtxs0/sx160 XXX
train/dr6/mtxs0/sx250 XXX
train/dr6/mtxs0/sx340 XXX
train/dr7/fblv0/sa1 XXX
train/dr7/fblv0/sa2 XXX
train/dr7/fblv0/si1058 XXX
train/dr7/fblv0/si1688 XXX
train/dr7/fblv0/si2318 XXX
train/dr7/fblv0/sx158 XXX
train/dr7/fblv0/sx248 XXX
train/dr7/fblv0/sx338 XXX
train/dr7/fcjs0/sa1 XXX
train/dr7/fcjs0/sa2 XXX
train/dr7/fcjs0/si1607 XXX
train/dr7/fcjs0/si2237 XXX
train/dr7/fcjs0/si977 XXX
train/dr7/fcjs0/sx167 XXX
train/dr7/fcjs0/sx257 XXX
train/dr7/fcjs0/sx347 XXX
train/dr7/fcrz0/sa1 XXX
train/dr7/fcrz0/sa2 XXX
train/dr7/fcrz0/si1913 XXX
train/dr7/fcrz0/si2053 XXX
train/dr7/fcrz0/si793 XXX
train/dr7/fcrz0/sx163 XXX
train/dr7/fcrz0/sx253 XXX
train/dr7/fcrz0/sx343 XXX
train/dr7/fjen0/sa1 XXX
train/dr7/fjen0/sa2 XXX
train/dr7/fjen0/si1047 XXX
train/dr7/fjen0/si1677 XXX
train/dr7/fjen0/si2307 XXX
train/dr7/fjen0/sx147 XXX
train/dr7/fjen0/sx237 XXX
train/dr7/fjen0/sx327 XXX
train/dr7/fjhk0/sa1 XXX
train/dr7/fjhk0/sa2 XXX
train/dr7/fjhk0/si1022 XXX
train/dr7/fjhk0/si1652 XXX
train/dr7/fjhk0/si2282 XXX
train/dr7/fjhk0/sx122 XXX
train/dr7/fjhk0/sx212 XXX
train/dr7/fjhk0/sx302 XXX
train/dr7/fjrp1/sa1 XXX
train/dr7/fjrp1/sa2 XXX
train/dr7/fjrp1/si1432 XXX
train/dr7/fjrp1/si2062 XXX
train/dr7/fjrp1/si802 XXX
train/dr7/fjrp1/sx172 XXX
train/dr7/fjrp1/sx262 XXX
train/dr7/fjrp1/sx352 XXX
train/dr7/fjsk0/sa1 XXX
train/dr7/fjsk0/sa2 XXX
train/dr7/fjsk0/si1052 XXX
train/dr7/fjsk0/si1682 XXX
train/dr7/fjsk0/si2312 XXX
train/dr7/fjsk0/sx152 XXX
train/dr7/fjsk0/sx242 XXX
train/dr7/fjsk0/sx332 XXX
train/dr7/fkde0/sa1 XXX
train/dr7/fkde0/sa2 XXX
train/dr7/fkde0/si1141 XXX
train/dr7/fkde0/si1771 XXX
train/dr7/fkde0/si2221 XXX
train/dr7/fkde0/sx151 XXX
train/dr7/fkde0/sx241 XXX
train/dr7/fkde0/sx331 XXX
train/dr7/fksr0/sa1 XXX
train/dr7/fksr0/sa2 XXX
train/dr7/fksr0/si1117 XXX
train/dr7/fksr0/si1747 XXX
train/dr7/fksr0/si487 XXX
train/dr7/fksr0/sx161 XXX
train/dr7/fksr0/sx217 XXX
train/dr7/fksr0/sx366 XXX
train/dr7/fleh0/sa1 XXX
train/dr7/fleh0/sa2 XXX
train/dr7/fleh0/si1051 XXX
train/dr7/fleh0/si1681 XXX
train/dr7/fleh0/si2311 XXX
train/dr7/fleh0/sx151 XXX
train/dr7/fleh0/sx241 XXX
train/dr7/fleh0/sx331 XXX
train/dr7/flet0/sa1 XXX
train/dr7/flet0/sa2 XXX
train/dr7/flet0/si1137 XXX
train/dr7/flet0/si1767 XXX
train/dr7/flet0/si507 XXX
train/dr7/flet0/sx147 XXX
train/dr7/flet0/sx237 XXX
train/dr7/flet0/sx277 XXX
train/dr7/fmah1/sa1 XXX
train/dr7/fmah1/sa2 XXX
train/dr7/fmah1/si1509 XXX
train/dr7/fmah1/si2139 XXX
train/dr7/fmah1/si879 XXX
train/dr7/fmah1/sx159 XXX
train/dr7/fmah1/sx249 XXX
train/dr7/fmah1/sx339 XXX
train/dr7/fmkc0/sa1 XXX
train/dr7/fmkc0/sa2 XXX
train/dr7/fmkc0/si1041 XXX
train/dr7/fmkc0/si1072 XXX
train/dr7/fmkc0/si1702 XXX
train/dr7/fmkc0/sx172 XXX
train/dr7/fmkc0/sx262 XXX
train/dr7/fmkc0/sx352 XXX
train/dr7/fpab1/sa1 XXX
train/dr7/fpab1/sa2 XXX
train/dr7/fpab1/si1471 XXX
train/dr7/fpab1/si2101 XXX
train/dr7/fpab1/si841 XXX
train/dr7/fpab1/sx121 XXX
train/dr7/fpab1/sx211 XXX
train/dr7/fpab1/sx301 XXX
train/dr7/fpac0/sa1 XXX
train/dr7/fpac0/sa2 XXX
train/dr7/fpac0/si1921 XXX
train/dr7/fpac0/si2011 XXX
train/dr7/fpac0/si661 XXX
train/dr7/fpac0/sx121 XXX
train/dr7/fpac0/sx211 XXX
train/dr7/fpac0/sx301 XXX
train/dr7/freh0/sa1 XXX
train/dr7/freh0/sa2 XXX
train/dr7/freh0/si1315 XXX
train/dr7/freh0/si1945 XXX
train/dr7/freh0/si685 XXX
train/dr7/freh0/sx145 XXX
train/dr7/freh0/sx235 XXX
train/dr7/freh0/sx325 XXX
train/dr7/fspm0/sa1 XXX
train/dr7/fspm0/sa2 XXX
train/dr7/fspm0/si1241 XXX
train/dr7/fspm0/si1871 XXX
train/dr7/fspm0/si611 XXX
train/dr7/fspm0/sx161 XXX
train/dr7/fspm0/sx251 XXX
train/dr7/fspm0/sx341 XXX
train/dr7/fvkb0/sa1 XXX
train/dr7/fvkb0/sa2 XXX
train/dr7/fvkb0/si1159 XXX
train/dr7/fvkb0/si1789 XXX
train/dr7/fvkb0/si529 XXX
train/dr7/fvkb0/sx169 XXX
train/dr7/fvkb0/sx259 XXX
train/dr7/fvkb0/sx349 XXX
train/dr7/madd0/sa1 XXX
train/dr7/madd0/sa2 XXX
train/dr7/madd0/si1295 XXX
train/dr7/madd0/si1798 XXX
train/dr7/madd0/si538 XXX
train/dr7/madd0/sx178 XXX
train/dr7/madd0/sx268 XXX
train/dr7/madd0/sx358 XXX
train/dr7/maeo0/sa1 XXX
train/dr7/maeo0/sa2 XXX
train/dr7/maeo0/si1326 XXX
train/dr7/maeo0/si1655 XXX
train/dr7/maeo0/si1956 XXX
train/dr7/maeo0/sx156 XXX
train/dr7/maeo0/sx246 XXX
train/dr7/maeo0/sx336 XXX
train/dr7/mafm0/sa1 XXX
train/dr7/mafm0/sa2 XXX
train/dr7/mafm0/si1569 XXX
train/dr7/mafm0/si2199 XXX
train/dr7/mafm0/si939 XXX
train/dr7/mafm0/sx129 XXX
train/dr7/mafm0/sx219 XXX
train/dr7/mafm0/sx309 XXX
train/dr7/mbar0/sa1 XXX
train/dr7/mbar0/sa2 XXX
train/dr7/mbar0/si1319 XXX
train/dr7/mbar0/si1949 XXX
train/dr7/mbar0/si689 XXX
train/dr7/mbar0/sx149 XXX
train/dr7/mbar0/sx239 XXX
train/dr7/mbar0/sx329 XXX
train/dr7/mbbr0/sa1 XXX
train/dr7/mbbr0/sa2 XXX
train/dr7/mbbr0/si1055 XXX
train/dr7/mbbr0/si1685 XXX
train/dr7/mbbr0/si2315 XXX
train/dr7/mbbr0/sx155 XXX
train/dr7/mbbr0/sx245 XXX
train/dr7/mbbr0/sx335 XXX
train/dr7/mbml0/sa1 XXX
train/dr7/mbml0/sa2 XXX
train/dr7/mbml0/si1169 XXX
train/dr7/mbml0/si1799 XXX
train/dr7/mbml0/si539 XXX
train/dr7/mbml0/sx179 XXX
train/dr7/mbml0/sx269 XXX
train/dr7/mbml0/sx359 XXX
train/dr7/mbom0/sa1 XXX
train/dr7/mbom0/sa2 XXX
train/dr7/mbom0/si1014 XXX
train/dr7/mbom0/si1644 XXX
train/dr7/mbom0/si2274 XXX
train/dr7/mbom0/sx114 XXX
train/dr7/mbom0/sx204 XXX
train/dr7/mbom0/sx294 XXX
train/dr7/mbth0/sa1 XXX
train/dr7/mbth0/sa2 XXX
train/dr7/mbth0/si2102 XXX
train/dr7/mbth0/si505 XXX
train/dr7/mbth0/si757 XXX
train/dr7/mbth0/sx122 XXX
train/dr7/mbth0/sx212 XXX
train/dr7/mbth0/sx302 XXX
train/dr7/mclk0/sa1 XXX
train/dr7/mclk0/sa2 XXX
train/dr7/mclk0/si1660 XXX
train/dr7/mclk0/si2290 XXX
train/dr7/mclk0/si650 XXX
train/dr7/mclk0/sx130 XXX
train/dr7/mclk0/sx220 XXX
train/dr7/mclk0/sx310 XXX
train/dr7/mcre0/sa1 XXX
train/dr7/mcre0/sa2 XXX
train/dr7/mcre0/si1121 XXX
train/dr7/mcre0/si1725 XXX
train/dr7/mcre0/si1751 XXX
train/dr7/mcre0/sx131 XXX
train/dr7/mcre0/sx221 XXX
train/dr7/mcre0/sx24 XXX
train/dr7/mcth0/sa1 XXX
train/dr7/mcth0/sa2 XXX
train/dr7/mcth0/si1209 XXX
train/dr7/mcth0/si1839 XXX
train/dr7/mcth0/si579 XXX
train/dr7/mcth0/sx129 XXX
train/dr7/mcth0/sx219 XXX
train/dr7/mcth0/sx309 XXX
train/dr7/mdcm0/sa1 XXX
train/dr7/mdcm0/sa2 XXX
train/dr7/mdcm0/si1480 XXX
train/dr7/mdcm0/si2110 XXX
train/dr7/mdcm0/si850 XXX
train/dr7/mdcm0/sx130 XXX
train/dr7/mdcm0/sx220 XXX
train/dr7/mdcm0/sx310 XXX
train/dr7/mded0/sa1 XXX
train/dr7/mded0/sa2 XXX
train/dr7/mded0/si1170 XXX
train/dr7/mded0/si1800 XXX
train/dr7/mded0/si540 XXX
train/dr7/mded0/sx180 XXX
train/dr7/mded0/sx270 XXX
train/dr7/mded0/sx360 XXX
train/dr7/mdks0/sa1 XXX
train/dr7/mdks0/sa2 XXX
train/dr7/mdks0/si1066 XXX
train/dr7/mdks0/si1696 XXX
train/dr7/mdks0/si2326 XXX
train/dr7/mdks0/sx166 XXX
train/dr7/mdks0/sx256 XXX
train/dr7/mdks0/sx346 XXX
train/dr7/mdlc1/sa1 XXX
train/dr7/mdlc1/sa2 XXX
train/dr7/mdlc1/si1435 XXX
train/dr7/mdlc1/si2065 XXX
train/dr7/mdlc1/si2144 XXX
train/dr7/mdlc1/sx175 XXX
train/dr7/mdlc1/sx265 XXX
train/dr7/mdlc1/sx355 XXX
train/dr7/mdlm0/sa1 XXX
train/dr7/mdlm0/sa2 XXX
train/dr7/mdlm0/si1234 XXX
train/dr7/mdlm0/si1864 XXX
train/dr7/mdlm0/si604 XXX
train/dr7/mdlm0/sx154 XXX
train/dr7/mdlm0/sx244 XXX
train/dr7/mdlm0/sx334 XXX
train/dr7/mdlr0/sa1 XXX
train/dr7/mdlr0/sa2 XXX
train/dr7/mdlr0/si1233 XXX
train/dr7/mdlr0/si1863 XXX
train/dr7/mdlr0/si603 XXX
train/dr7/mdlr0/sx153 XXX
train/dr7/mdlr0/sx243 XXX
train/dr7/mdlr0/sx333 XXX
train/dr7/mdlr1/sa1 XXX
train/dr7/mdlr1/sa2 XXX
train/dr7/mdlr1/si1299 XXX
train/dr7/mdlr1/si1929 XXX
train/dr7/mdlr1/si669 XXX
train/dr7/mdlr1/sx129 XXX
train/dr7/mdlr1/sx219 XXX
train/dr7/mdlr1/sx309 XXX
train/dr7/mdpb0/sa1 XXX
train/dr7/mdpb0/sa2 XXX
train/dr7/mdpb0/si1760 XXX
train/dr7/mdpb0/si2126 XXX
train/dr7/mdpb0/si866 XXX
train/dr7/mdpb0/sx146 XXX
train/dr7/mdpb0/sx236 XXX
train/dr7/mdpb0/sx326 XXX
train/dr7/mfxs0/sa1 XXX
train/dr7/mfxs0/sa2 XXX
train/dr7/mfxs0/si1674 XXX
train/dr7/mfxs0/si2225 XXX
train/dr7/mfxs0/si2304 XXX
train/dr7/mfxs0/sx144 XXX
train/dr7/mfxs0/sx234 XXX
train/dr7/mfxs0/sx324 XXX
train/dr7/mfxv0/sa1 XXX
train/dr7/mfxv0/sa2 XXX
train/dr7/mfxv0/si1005 XXX
train/dr7/mfxv0/si1342 XXX
train/dr7/mfxv0/si1635 XXX
train/dr7/mfxv0/sx105 XXX
train/dr7/mfxv0/sx15 XXX
train/dr7/mfxv0/sx195 XXX
train/dr7/mgak0/sa1 XXX
train/dr7/mgak0/sa2 XXX
train/dr7/mgak0/si1036 XXX
train/dr7/mgak0/si1666 XXX
train/dr7/mgak0/si2296 XXX
train/dr7/mgak0/sx136 XXX
train/dr7/mgak0/sx226 XXX
train/dr7/mgak0/sx316 XXX
train/dr7/mgar0/sa1 XXX
train/dr7/mgar0/sa2 XXX
train/dr7/mgar0/si1212 XXX
train/dr7/mgar0/si1694 XXX
train/dr7/mgar0/si1842 XXX
train/dr7/mgar0/sx132 XXX
train/dr7/mgar0/sx222 XXX
train/dr7/mgar0/sx312 XXX
train/dr7/mgaw0/sa1 XXX
train/dr7/mgaw0/sa2 XXX
train/dr7/mgaw0/si1165 XXX
train/dr7/mgaw0/si1802 XXX
train/dr7/mgaw0/si535 XXX
train/dr7/mgaw0/sx175 XXX
train/dr7/mgaw0/sx265 XXX
train/dr7/mgaw0/sx355 XXX
train/dr7/mgsl0/sa1 XXX
train/dr7/mgsl0/sa2 XXX
train/dr7/mgsl0/si1164 XXX
train/dr7/mgsl0/si534 XXX
train/dr7/mgsl0/si797 XXX
train/dr7/mgsl0/sx174 XXX
train/dr7/mgsl0/sx264 XXX
train/dr7/mgsl0/sx354 XXX
train/dr7/mhbs0/sa1 XXX
train/dr7/mhbs0/sa2 XXX
train/dr7/mhbs0/si1575 XXX
train/dr7/mhbs0/si2205 XXX
train/dr7/mhbs0/si945 XXX
train/dr7/mhbs0/sx135 XXX
train/dr7/mhbs0/sx225 XXX
train/dr7/mhbs0/sx315 XXX
train/dr7/mhxl0/sa1 XXX
train/dr7/mhxl0/sa2 XXX
train/dr7/mhxl0/si1772 XXX
train/dr7/mhxl0/si512 XXX
train/dr7/mhxl0/si612 XXX
train/dr7/mhxl0/sx152 XXX
train/dr7/mhxl0/sx242 XXX
train/dr7/mhxl0/sx332 XXX
train/dr7/mjai0/sa1 XXX
train/dr7/mjai0/sa2 XXX
train/dr7/mjai0/si1604 XXX
train/dr7/mjai0/si682 XXX
train/dr7/mjai0/si710 XXX
train/dr7/mjai0/sx164 XXX
train/dr7/mjai0/sx254 XXX
train/dr7/mjai0/sx344 XXX
train/dr7/mjdg0/sa1 XXX
train/dr7/mjdg0/sa2 XXX
train/dr7/mjdg0/si1042 XXX
train/dr7/mjdg0/si1672 XXX
train/dr7/mjdg0/si1705 XXX
train/dr7/mjdg0/sx142 XXX
train/dr7/mjdg0/sx232 XXX
train/dr7/mjdg0/sx322 XXX
train/dr7/mjfr0/sa1 XXX
train/dr7/mjfr0/sa2 XXX
train/dr7/mjfr0/si1605 XXX
train/dr7/mjfr0/si2235 XXX
train/dr7/mjfr0/si975 XXX
train/dr7/mjfr0/sx165 XXX
train/dr7/mjfr0/sx255 XXX
train/dr7/mjfr0/sx345 XXX
train/dr7/mjjm0/sa1 XXX
train/dr7/mjjm0/sa2 XXX
train/dr7/mjjm0/si1251 XXX
train/dr7/mjjm0/si1457 XXX
train/dr7/mjjm0/si827 XXX
train/dr7/mjjm0/sx107 XXX
train/dr7/mjjm0/sx17 XXX
train/dr7/mjjm0/sx197 XXX
train/dr7/mjra0/sa1 XXX
train/dr7/mjra0/sa2 XXX
train/dr7/mjra0/si1236 XXX
train/dr7/mjra0/si1866 XXX
train/dr7/mjra0/si606 XXX
train/dr7/mjra0/sx156 XXX
train/dr7/mjra0/sx246 XXX
train/dr7/mjra0/sx336 XXX
train/dr7/mkag0/sa1 XXX
train/dr7/mkag0/sa2 XXX
train/dr7/mkag0/si1609 XXX
train/dr7/mkag0/si2239 XXX
train/dr7/mkag0/si979 XXX
train/dr7/mkag0/sx169 XXX
train/dr7/mkag0/sx259 XXX
train/dr7/mkag0/sx30 XXX
train/dr7/mkdb0/sa1 XXX
train/dr7/mkdb0/sa2 XXX
train/dr7/mkdb0/si2132 XXX
train/dr7/mkdb0/si588 XXX
train/dr7/mkdb0/si872 XXX
train/dr7/mkdb0/sx152 XXX
train/dr7/mkdb0/sx242 XXX
train/dr7/mkdb0/sx332 XXX
train/dr7/mklr0/sa1 XXX
train/dr7/mklr0/sa2 XXX
train/dr7/mklr0/si1059 XXX
train/dr7/mklr0/si1689 XXX
train/dr7/mklr0/si2319 XXX
train/dr7/mklr0/sx159 XXX
train/dr7/mklr0/sx249 XXX
train/dr7/mklr0/sx339 XXX
train/dr7/mmdg0/sa1 XXX
train/dr7/mmdg0/sa2 XXX
train/dr7/mmdg0/si1780 XXX
train/dr7/mmdg0/si2035 XXX
train/dr7/mmdg0/si520 XXX
train/dr7/mmdg0/sx160 XXX
train/dr7/mmdg0/sx250 XXX
train/dr7/mmdg0/sx340 XXX
train/dr7/mmws1/sa1 XXX
train/dr7/mmws1/sa2 XXX
train/dr7/mmws1/si1071 XXX
train/dr7/mmws1/si1701 XXX
train/dr7/mmws1/si2331 XXX
train/dr7/mmws1/sx261 XXX
train/dr7/mmws1/sx27 XXX
train/dr7/mmws1/sx351 XXX
train/dr7/mntw0/sa1 XXX
train/dr7/mntw0/sa2 XXX
train/dr7/mntw0/si1068 XXX
train/dr7/mntw0/si1698 XXX
train/dr7/mntw0/si2328 XXX
train/dr7/mntw0/sx168 XXX
train/dr7/mntw0/sx202 XXX
train/dr7/mntw0/sx258 XXX
train/dr7/mpar0/sa1 XXX
train/dr7/mpar0/sa2 XXX
train/dr7/mpar0/si1576 XXX
train/dr7/mpar0/si2206 XXX
train/dr7/mpar0/si946 XXX
train/dr7/mpar0/sx136 XXX
train/dr7/mpar0/sx226 XXX
train/dr7/mpar0/sx316 XXX
train/dr7/mpfu0/sa1 XXX
train/dr7/mpfu0/sa2 XXX
train/dr7/mpfu0/si1258 XXX
train/dr7/mpfu0/si1888 XXX
train/dr7/mpfu0/si628 XXX
train/dr7/mpfu0/sx178 XXX
train/dr7/mpfu0/sx268 XXX
train/dr7/mpfu0/sx358 XXX
train/dr7/mrem0/sa1 XXX
train/dr7/mrem0/sa2 XXX
train/dr7/mrem0/si1591 XXX
train/dr7/mrem0/si511 XXX
train/dr7/mrem0/si961 XXX
train/dr7/mrem0/sx151 XXX
train/dr7/mrem0/sx241 XXX
train/dr7/mrem0/sx331 XXX
train/dr7/mrlj1/sa1 XXX
train/dr7/mrlj1/sa2 XXX
train/dr7/mrlj1/si1671 XXX
train/dr7/mrlj1/si2301 XXX
train/dr7/mrlj1/si2332 XXX
train/dr7/mrlj1/sx141 XXX
train/dr7/mrlj1/sx231 XXX
train/dr7/mrlj1/sx321 XXX
train/dr7/mrmg0/sa1 XXX
train/dr7/mrmg0/sa2 XXX
train/dr7/mrmg0/si1080 XXX
train/dr7/mrmg0/si1710 XXX
train/dr7/mrmg0/si2340 XXX
train/dr7/mrmg0/sx180 XXX
train/dr7/mrmg0/sx270 XXX
train/dr7/mrmg0/sx360 XXX
train/dr7/mrmh0/sa1 XXX
train/dr7/mrmh0/sa2 XXX
train/dr7/mrmh0/si1021 XXX
train/dr7/mrmh0/si1349 XXX
train/dr7/mrmh0/si2281 XXX
train/dr7/mrmh0/sx121 XXX
train/dr7/mrmh0/sx211 XXX
train/dr7/mrmh0/sx301 XXX
train/dr7/mrpc1/sa1 XXX
train/dr7/mrpc1/sa2 XXX
train/dr7/mrpc1/si1482 XXX
train/dr7/mrpc1/si2026 XXX
train/dr7/mrpc1/si2112 XXX
train/dr7/mrpc1/sx132 XXX
train/dr7/mrpc1/sx222 XXX
train/dr7/mrpc1/sx312 XXX
train/dr7/msah1/sa1 XXX
train/dr7/msah1/sa2 XXX
train/dr7/msah1/si1049 XXX
train/dr7/msah1/si1679 XXX
train/dr7/msah1/si2309 XXX
train/dr7/msah1/sx149 XXX
train/dr7/msah1/sx239 XXX
train/dr7/msah1/sx329 XXX
train/dr7/msdb0/sa1 XXX
train/dr7/msdb0/sa2 XXX
train/dr7/msdb0/si1007 XXX
train/dr7/msdb0/si1637 XXX
train/dr7/msdb0/si2267 XXX
train/dr7/msdb0/sx107 XXX
train/dr7/msdb0/sx17 XXX
train/dr7/msdb0/sx197 XXX
train/dr7/mses0/sa1 XXX
train/dr7/mses0/sa2 XXX
train/dr7/mses0/si1589 XXX
train/dr7/mses0/si2216 XXX
train/dr7/mses0/si2219 XXX
train/dr7/mses0/sx149 XXX
train/dr7/mses0/sx239 XXX
train/dr7/mses0/sx329 XXX
train/dr7/mtab0/sa1 XXX
train/dr7/mtab0/sa2 XXX
train/dr7/mtab0/si1572 XXX
train/dr7/mtab0/si2202 XXX
train/dr7/mtab0/si942 XXX
train/dr7/mtab0/sx132 XXX
train/dr7/mtab0/sx222 XXX
train/dr7/mtab0/sx312 XXX
train/dr7/mter0/sa1 XXX
train/dr7/mter0/sa2 XXX
train/dr7/mter0/si1157 XXX
train/dr7/mter0/si1787 XXX
train/dr7/mter0/si527 XXX
train/dr7/mter0/sx167 XXX
train/dr7/mter0/sx17 XXX
train/dr7/mter0/sx257 XXX
train/dr7/mtkd0/sa1 XXX
train/dr7/mtkd0/sa2 XXX
train/dr7/mtkd0/si1187 XXX
train/dr7/mtkd0/si1817 XXX
train/dr7/mtkd0/si630 XXX
train/dr7/mtkd0/sx107 XXX
train/dr7/mtkd0/sx17 XXX
train/dr7/mtkd0/sx197 XXX
train/dr7/mtlc0/sa1 XXX
train/dr7/mtlc0/sa2 XXX
train/dr7/mtlc0/si1313 XXX
train/dr7/mtlc0/si1477 XXX
train/dr7/mtlc0/si847 XXX
train/dr7/mtlc0/sx127 XXX
train/dr7/mtlc0/sx217 XXX
train/dr7/mtlc0/sx307 XXX
train/dr7/mtml0/sa1 XXX
train/dr7/mtml0/sa2 XXX
train/dr7/mtml0/si1065 XXX
train/dr7/mtml0/si1695 XXX
train/dr7/mtml0/si2325 XXX
train/dr7/mtml0/sx165 XXX
train/dr7/mtml0/sx255 XXX
train/dr7/mtml0/sx345 XXX
train/dr7/mtmn0/sa1 XXX
train/dr7/mtmn0/sa2 XXX
train/dr7/mtmn0/si1064 XXX
train/dr7/mtmn0/si2324 XXX
train/dr7/mtmn0/si582 XXX
train/dr7/mtmn0/sx164 XXX
train/dr7/mtmn0/sx254 XXX
train/dr7/mtmn0/sx344 XXX
train/dr7/mtpr0/sa1 XXX
train/dr7/mtpr0/sa2 XXX
train/dr7/mtpr0/si1600 XXX
train/dr7/mtpr0/si2230 XXX
train/dr7/mtpr0/si506 XXX
train/dr7/mtpr0/sx160 XXX
train/dr7/mtpr0/sx250 XXX
train/dr7/mtpr0/sx340 XXX
train/dr7/mtwh1/sa1 XXX
train/dr7/mtwh1/sa2 XXX
train/dr7/mtwh1/si1512 XXX
train/dr7/mtwh1/si2142 XXX
train/dr7/mtwh1/si882 XXX
train/dr7/mtwh1/sx162 XXX
train/dr7/mtwh1/sx252 XXX
train/dr7/mtwh1/sx342 XXX
train/dr7/mvrw0/sa1 XXX
train/dr7/mvrw0/sa2 XXX
train/dr7/mvrw0/si1485 XXX
train/dr7/mvrw0/si2115 XXX
train/dr7/mvrw0/si855 XXX
train/dr7/mvrw0/sx135 XXX
train/dr7/mvrw0/sx225 XXX
train/dr7/mvrw0/sx315 XXX
train/dr7/mwre0/sa1 XXX
train/dr7/mwre0/sa2 XXX
train/dr7/mwre0/si1057 XXX
train/dr7/mwre0/si1687 XXX
train/dr7/mwre0/si2317 XXX
train/dr7/mwre0/sx157 XXX
train/dr7/mwre0/sx247 XXX
train/dr7/mwre0/sx337 XXX
train/dr7/mwrp0/sa1 XXX
train/dr7/mwrp0/sa2 XXX
train/dr7/mwrp0/si1443 XXX
train/dr7/mwrp0/si1525 XXX
train/dr7/mwrp0/si2073 XXX
train/dr7/mwrp0/sx183 XXX
train/dr7/mwrp0/sx273 XXX
train/dr7/mwrp0/sx3 XXX
train/dr8/fbcg1/sa1 XXX
train/dr8/fbcg1/sa2 XXX
train/dr8/fbcg1/si1612 XXX
train/dr8/fbcg1/si2242 XXX
train/dr8/fbcg1/si982 XXX
train/dr8/fbcg1/sx172 XXX
train/dr8/fbcg1/sx262 XXX
train/dr8/fbcg1/sx352 XXX
train/dr8/fceg0/sa1 XXX
train/dr8/fceg0/sa2 XXX
train/dr8/fceg0/si1248 XXX
train/dr8/fceg0/si1878 XXX
train/dr8/fceg0/si618 XXX
train/dr8/fceg0/sx168 XXX
train/dr8/fceg0/sx258 XXX
train/dr8/fceg0/sx348 XXX
train/dr8/fclt0/sa1 XXX
train/dr8/fclt0/sa2 XXX
train/dr8/fclt0/si1438 XXX
train/dr8/fclt0/si2068 XXX
train/dr8/fclt0/si808 XXX
train/dr8/fclt0/sx178 XXX
train/dr8/fclt0/sx268 XXX
train/dr8/fclt0/sx358 XXX
train/dr8/fjrb0/sa1 XXX
train/dr8/fjrb0/sa2 XXX
train/dr8/fjrb0/si1302 XXX
train/dr8/fjrb0/si1932 XXX
train/dr8/fjrb0/si672 XXX
train/dr8/fjrb0/sx132 XXX
train/dr8/fjrb0/sx222 XXX
train/dr8/fjrb0/sx312 XXX
train/dr8/fklh0/sa1 XXX
train/dr8/fklh0/sa2 XXX
train/dr8/fklh0/si1257 XXX
train/dr8/fklh0/si1887 XXX
train/dr8/fklh0/si627 XXX
train/dr8/fklh0/sx177 XXX
train/dr8/fklh0/sx267 XXX
train/dr8/fklh0/sx357 XXX
train/dr8/fmbg0/sa1 XXX
train/dr8/fmbg0/sa2 XXX
train/dr8/fmbg0/si1160 XXX
train/dr8/fmbg0/si1790 XXX
train/dr8/fmbg0/si2264 XXX
train/dr8/fmbg0/sx260 XXX
train/dr8/fmbg0/sx3 XXX
train/dr8/fmbg0/sx350 XXX
train/dr8/fnkl0/sa1 XXX
train/dr8/fnkl0/sa2 XXX
train/dr8/fnkl0/si1522 XXX
train/dr8/fnkl0/si2152 XXX
train/dr8/fnkl0/si892 XXX
train/dr8/fnkl0/sx172 XXX
train/dr8/fnkl0/sx196 XXX
train/dr8/fnkl0/sx262 XXX
train/dr8/fpls0/sa1 XXX
train/dr8/fpls0/sa2 XXX
train/dr8/fpls0/si1590 XXX
train/dr8/fpls0/si2220 XXX
train/dr8/fpls0/si960 XXX
train/dr8/fpls0/sx150 XXX
train/dr8/fpls0/sx240 XXX
train/dr8/fpls0/sx3 XXX
train/dr8/mbcg0/sa1 XXX
train/dr8/mbcg0/sa2 XXX
train/dr8/mbcg0/si2217 XXX
train/dr8/mbcg0/si486 XXX
train/dr8/mbcg0/si957 XXX
train/dr8/mbcg0/sx147 XXX
train/dr8/mbcg0/sx237 XXX
train/dr8/mbcg0/sx327 XXX
train/dr8/mbsb0/sa1 XXX
train/dr8/mbsb0/sa2 XXX
train/dr8/mbsb0/si1353 XXX
train/dr8/mbsb0/si1983 XXX
train/dr8/mbsb0/si723 XXX
train/dr8/mbsb0/sx183 XXX
train/dr8/mbsb0/sx273 XXX
train/dr8/mbsb0/sx3 XXX
train/dr8/mcxm0/sa1 XXX
train/dr8/mcxm0/sa2 XXX
train/dr8/mcxm0/si1351 XXX
train/dr8/mcxm0/si1981 XXX
train/dr8/mcxm0/si721 XXX
train/dr8/mcxm0/sx181 XXX
train/dr8/mcxm0/sx271 XXX
train/dr8/mcxm0/sx361 XXX
train/dr8/mejs0/sa1 XXX
train/dr8/mejs0/sa2 XXX
train/dr8/mejs0/si1240 XXX
train/dr8/mejs0/si1870 XXX
train/dr8/mejs0/si610 XXX
train/dr8/mejs0/sx160 XXX
train/dr8/mejs0/sx250 XXX
train/dr8/mejs0/sx340 XXX
train/dr8/mkdd0/sa1 XXX
train/dr8/mkdd0/sa2 XXX
train/dr8/mkdd0/si1567 XXX
train/dr8/mkdd0/si2197 XXX
train/dr8/mkdd0/si937 XXX
train/dr8/mkdd0/sx127 XXX
train/dr8/mkdd0/sx217 XXX
train/dr8/mkdd0/sx307 XXX
train/dr8/mkrg0/sa1 XXX
train/dr8/mkrg0/sa2 XXX
train/dr8/mkrg0/si1491 XXX
train/dr8/mkrg0/si2121 XXX
train/dr8/mkrg0/si861 XXX
train/dr8/mkrg0/sx141 XXX
train/dr8/mkrg0/sx231 XXX
train/dr8/mkrg0/sx31 XXX
train/dr8/mmea0/sa1 XXX
train/dr8/mmea0/sa2 XXX
train/dr8/mmea0/si1388 XXX
train/dr8/mmea0/si2018 XXX
train/dr8/mmea0/si758 XXX
train/dr8/mmea0/sx128 XXX
train/dr8/mmea0/sx218 XXX
train/dr8/mmea0/sx308 XXX
train/dr8/mmlm0/sa1 XXX
train/dr8/mmlm0/sa2 XXX
train/dr8/mmlm0/si1527 XXX
train/dr8/mmlm0/si2150 XXX
train/dr8/mmlm0/si897 XXX
train/dr8/mmlm0/sx177 XXX
train/dr8/mmlm0/sx267 XXX
train/dr8/mmlm0/sx357 XXX
train/dr8/mmpm0/sa1 XXX
train/dr8/mmpm0/sa2 XXX
train/dr8/mmpm0/si1061 XXX
train/dr8/mmpm0/si1691 XXX
train/dr8/mmpm0/si2321 XXX
train/dr8/mmpm0/sx161 XXX
train/dr8/mmpm0/sx251 XXX
train/dr8/mmpm0/sx341 XXX
train/dr8/mmws0/sa1 XXX
train/dr8/mmws0/sa2 XXX
train/dr8/mmws0/si1518 XXX
train/dr8/mmws0/si559 XXX
train/dr8/mmws0/si888 XXX
train/dr8/mmws0/sx168 XXX
train/dr8/mmws0/sx258 XXX
train/dr8/mmws0/sx348 XXX
train/dr8/mrdm0/sa1 XXX
train/dr8/mrdm0/sa2 XXX
train/dr8/mrdm0/si1044 XXX
train/dr8/mrdm0/si1595 XXX
train/dr8/mrdm0/si965 XXX
train/dr8/mrdm0/sx155 XXX
train/dr8/mrdm0/sx245 XXX
train/dr8/mrdm0/sx335 XXX
train/dr8/mrlk0/sa1 XXX
train/dr8/mrlk0/sa2 XXX
train/dr8/mrlk0/si1468 XXX
train/dr8/mrlk0/si2140 XXX
train/dr8/mrlk0/si843 XXX
train/dr8/mrlk0/sx123 XXX
train/dr8/mrlk0/sx213 XXX
train/dr8/mrlk0/sx303 XXX
train/dr8/mrre0/sa1 XXX
train/dr8/mrre0/sa2 XXX
train/dr8/mrre0/si1334 XXX
train/dr8/mrre0/si704 XXX
train/dr8/mrre0/si952 XXX
train/dr8/mrre0/sx164 XXX
train/dr8/mrre0/sx254 XXX
train/dr8/mrre0/sx344 XXX
train/dr8/mtcs0/sa1 XXX
train/dr8/mtcs0/sa2 XXX
train/dr8/mtcs0/si1972 XXX
train/dr8/mtcs0/si2265 XXX
train/dr8/mtcs0/si712 XXX
train/dr8/mtcs0/sx172 XXX
train/dr8/mtcs0/sx262 XXX
train/dr8/mtcs0/sx352 XXX
